Component: ARM Compiler 5.06 update 7 (build 960) Tool: armlink [4d3601]

==============================================================================

Section Cross References

    py32f002b_hal_rcc.o(i.HAL_RCC_ClockConfig) refers to py32f002b_hal.o(i.HAL_GetTick) for HAL_GetTick
    py32f002b_hal_rcc.o(i.HAL_RCC_ClockConfig) refers to py32f002b_hal_rcc.o(i.HAL_RCC_GetSysClockFreq) for HAL_RCC_GetSysClockFreq
    py32f002b_hal_rcc.o(i.HAL_RCC_ClockConfig) refers to py32f002b_hal.o(i.HAL_InitTick) for HAL_InitTick
    py32f002b_hal_rcc.o(i.HAL_RCC_ClockConfig) refers to system_py32f002b.o(.constdata) for AHBPrescTable
    py32f002b_hal_rcc.o(i.HAL_RCC_ClockConfig) refers to system_py32f002b.o(.data) for SystemCoreClock
    py32f002b_hal_rcc.o(i.HAL_RCC_ClockConfig) refers to py32f002b_hal.o(.data) for uwTickPrio
    py32f002b_hal_rcc.o(i.HAL_RCC_DeInit) refers to py32f002b_hal.o(i.HAL_GetTick) for HAL_GetTick
    py32f002b_hal_rcc.o(i.HAL_RCC_DeInit) refers to py32f002b_hal.o(i.HAL_InitTick) for HAL_InitTick
    py32f002b_hal_rcc.o(i.HAL_RCC_DeInit) refers to system_py32f002b.o(.data) for SystemCoreClock
    py32f002b_hal_rcc.o(i.HAL_RCC_DeInit) refers to py32f002b_hal.o(.data) for uwTickPrio
    py32f002b_hal_rcc.o(i.HAL_RCC_GetHCLKFreq) refers to system_py32f002b.o(.data) for SystemCoreClock
    py32f002b_hal_rcc.o(i.HAL_RCC_GetPCLK1Freq) refers to py32f002b_hal_rcc.o(i.HAL_RCC_GetHCLKFreq) for HAL_RCC_GetHCLKFreq
    py32f002b_hal_rcc.o(i.HAL_RCC_GetPCLK1Freq) refers to system_py32f002b.o(.constdata) for APBPrescTable
    py32f002b_hal_rcc.o(i.HAL_RCC_GetSysClockFreq) refers to memcpya.o(.text) for __aeabi_memcpy4
    py32f002b_hal_rcc.o(i.HAL_RCC_GetSysClockFreq) refers to uidiv.o(.text) for __aeabi_uidivmod
    py32f002b_hal_rcc.o(i.HAL_RCC_GetSysClockFreq) refers to py32f002b_hal_rcc.o(.constdata) for .constdata
    py32f002b_hal_rcc.o(i.HAL_RCC_MCOConfig) refers to py32f002b_hal_gpio.o(i.HAL_GPIO_Init) for HAL_GPIO_Init
    py32f002b_hal_rcc.o(i.HAL_RCC_NMI_IRQHandler) refers to py32f002b_hal_rcc.o(i.HAL_RCC_LSECSSCallback) for HAL_RCC_LSECSSCallback
    py32f002b_hal_rcc.o(i.HAL_RCC_OscConfig) refers to py32f002b_hal.o(i.HAL_GetTick) for HAL_GetTick
    py32f002b_hal_rcc.o(i.HAL_RCC_OscConfig) refers to py32f002b_hal_rcc.o(i.HAL_RCC_GetSysClockFreq) for HAL_RCC_GetSysClockFreq
    py32f002b_hal_rcc.o(i.HAL_RCC_OscConfig) refers to py32f002b_hal.o(i.HAL_InitTick) for HAL_InitTick
    py32f002b_hal_rcc.o(i.HAL_RCC_OscConfig) refers to system_py32f002b.o(.constdata) for AHBPrescTable
    py32f002b_hal_rcc.o(i.HAL_RCC_OscConfig) refers to system_py32f002b.o(.data) for SystemCoreClock
    py32f002b_hal_rcc.o(i.HAL_RCC_OscConfig) refers to py32f002b_hal.o(.data) for uwTickPrio
    py32f002b_hal_rcc_ex.o(i.HAL_RCCEx_GetPeriphCLKFreq) refers to py32f002b_hal_rcc.o(i.HAL_RCC_GetPCLK1Freq) for HAL_RCC_GetPCLK1Freq
    py32f002b_hal_gpio.o(i.HAL_GPIO_EXTI_IRQHandler) refers to py32f002b_hal_gpio.o(i.HAL_GPIO_EXTI_Callback) for HAL_GPIO_EXTI_Callback
    py32f002b_hal_i2c.o(i.HAL_I2C_DeInit) refers to i2c.o(i.HAL_I2C_MspDeInit) for HAL_I2C_MspDeInit
    py32f002b_hal_i2c.o(i.HAL_I2C_ER_IRQHandler) refers to py32f002b_hal_i2c.o(i.I2C_Slave_AF) for I2C_Slave_AF
    py32f002b_hal_i2c.o(i.HAL_I2C_ER_IRQHandler) refers to py32f002b_hal_i2c.o(i.I2C_ITError) for I2C_ITError
    py32f002b_hal_i2c.o(i.HAL_I2C_EV_IRQHandler) refers to py32f002b_hal_i2c.o(i.I2C_ConvertOtherXferOptions) for I2C_ConvertOtherXferOptions
    py32f002b_hal_i2c.o(i.HAL_I2C_EV_IRQHandler) refers to py32f002b_hal_i2c.o(i.I2C_Master_SB) for I2C_Master_SB
    py32f002b_hal_i2c.o(i.HAL_I2C_EV_IRQHandler) refers to py32f002b_hal_i2c.o(i.I2C_Master_ADD10) for I2C_Master_ADD10
    py32f002b_hal_i2c.o(i.HAL_I2C_EV_IRQHandler) refers to py32f002b_hal_i2c.o(i.I2C_Master_ADDR) for I2C_Master_ADDR
    py32f002b_hal_i2c.o(i.HAL_I2C_EV_IRQHandler) refers to py32f002b_hal_i2c.o(i.I2C_MasterTransmit_TXE) for I2C_MasterTransmit_TXE
    py32f002b_hal_i2c.o(i.HAL_I2C_EV_IRQHandler) refers to py32f002b_hal_i2c.o(i.I2C_MasterTransmit_BTF) for I2C_MasterTransmit_BTF
    py32f002b_hal_i2c.o(i.HAL_I2C_EV_IRQHandler) refers to py32f002b_hal_i2c.o(i.I2C_MasterReceive_RXNE) for I2C_MasterReceive_RXNE
    py32f002b_hal_i2c.o(i.HAL_I2C_EV_IRQHandler) refers to py32f002b_hal_i2c.o(i.I2C_MasterReceive_BTF) for I2C_MasterReceive_BTF
    py32f002b_hal_i2c.o(i.HAL_I2C_EV_IRQHandler) refers to py32f002b_hal_i2c.o(i.I2C_Slave_ADDR) for I2C_Slave_ADDR
    py32f002b_hal_i2c.o(i.HAL_I2C_EV_IRQHandler) refers to py32f002b_hal_i2c.o(i.I2C_Slave_STOPF) for I2C_Slave_STOPF
    py32f002b_hal_i2c.o(i.HAL_I2C_EV_IRQHandler) refers to py32f002b_hal_i2c.o(i.I2C_SlaveTransmit_TXE) for I2C_SlaveTransmit_TXE
    py32f002b_hal_i2c.o(i.HAL_I2C_EV_IRQHandler) refers to py32f002b_hal_i2c.o(i.I2C_SlaveTransmit_BTF) for I2C_SlaveTransmit_BTF
    py32f002b_hal_i2c.o(i.HAL_I2C_EV_IRQHandler) refers to py32f002b_hal_i2c.o(i.I2C_SlaveReceive_RXNE) for I2C_SlaveReceive_RXNE
[...]
    py32f002b_hal_tim.o(i.HAL_TIM_PWM_ConfigChannel) refers to py32f002b_hal_tim.o(i.TIM_OC1_SetConfig) for TIM_OC1_SetConfig
    py32f002b_hal_tim.o(i.HAL_TIM_PWM_ConfigChannel) refers to py32f002b_hal_tim.o(i.TIM_OC2_SetConfig) for TIM_OC2_SetConfig
    py32f002b_hal_tim.o(i.HAL_TIM_PWM_ConfigChannel) refers to py32f002b_hal_tim.o(i.TIM_OC3_SetConfig) for TIM_OC3_SetConfig
    py32f002b_hal_tim.o(i.HAL_TIM_PWM_ConfigChannel) refers to py32f002b_hal_tim.o(i.TIM_OC4_SetConfig) for TIM_OC4_SetConfig
    py32f002b_hal_tim.o(i.HAL_TIM_PWM_DeInit) refers to py32f002b_hal_tim.o(i.HAL_TIM_PWM_MspDeInit) for HAL_TIM_PWM_MspDeInit
    py32f002b_hal_tim.o(i.HAL_TIM_PWM_Init) refers to py32f002b_hal_tim.o(i.HAL_TIM_PWM_MspInit) for HAL_TIM_PWM_MspInit
    py32f002b_hal_tim.o(i.HAL_TIM_PWM_Init) refers to py32f002b_hal_tim.o(i.TIM_Base_SetConfig) for TIM_Base_SetConfig
    py32f002b_hal_tim.o(i.HAL_TIM_PWM_Start) refers to py32f002b_hal_tim.o(i.TIM_CCxChannelCmd) for TIM_CCxChannelCmd
    py32f002b_hal_tim.o(i.HAL_TIM_PWM_Start_IT) refers to py32f002b_hal_tim.o(i.TIM_CCxChannelCmd) for TIM_CCxChannelCmd
    py32f002b_hal_tim.o(i.HAL_TIM_PWM_Stop) refers to py32f002b_hal_tim.o(i.TIM_CCxChannelCmd) for TIM_CCxChannelCmd
    py32f002b_hal_tim.o(i.HAL_TIM_PWM_Stop_IT) refers to py32f002b_hal_tim.o(i.TIM_CCxChannelCmd) for TIM_CCxChannelCmd
    py32f002b_hal_tim.o(i.HAL_TIM_SlaveConfigSynchro) refers to py32f002b_hal_tim.o(i.TIM_SlaveTimer_SetConfig) for TIM_SlaveTimer_SetConfig
    py32f002b_hal_tim.o(i.HAL_TIM_SlaveConfigSynchro_IT) refers to py32f002b_hal_tim.o(i.TIM_SlaveTimer_SetConfig) for TIM_SlaveTimer_SetConfig
    py32f002b_hal_tim.o(i.TIM_SlaveTimer_SetConfig) refers to py32f002b_hal_tim.o(i.__ARM_common_switch8) for __ARM_common_switch8
    py32f002b_hal_tim.o(i.TIM_SlaveTimer_SetConfig) refers to py32f002b_hal_tim.o(i.TIM_ETR_SetConfig) for TIM_ETR_SetConfig
    py32f002b_hal_tim.o(i.TIM_SlaveTimer_SetConfig) refers to py32f002b_hal_tim.o(i.TIM_TI1_ConfigInputStage) for TIM_TI1_ConfigInputStage
    py32f002b_hal_tim.o(i.TIM_SlaveTimer_SetConfig) refers to py32f002b_hal_tim.o(i.TIM_TI2_ConfigInputStage) for TIM_TI2_ConfigInputStage
    py32f002b_hal_tim_ex.o(i.HAL_TIMEx_HallSensor_DeInit) refers to py32f002b_hal_tim_ex.o(i.HAL_TIMEx_HallSensor_MspDeInit) for HAL_TIMEx_HallSensor_MspDeInit
    py32f002b_hal_tim_ex.o(i.HAL_TIMEx_HallSensor_Init) refers to py32f002b_hal_tim_ex.o(i.HAL_TIMEx_HallSensor_MspInit) for HAL_TIMEx_HallSensor_MspInit
    py32f002b_hal_tim_ex.o(i.HAL_TIMEx_HallSensor_Init) refers to py32f002b_hal_tim.o(i.TIM_Base_SetConfig) for TIM_Base_SetConfig
    py32f002b_hal_tim_ex.o(i.HAL_TIMEx_HallSensor_Init) refers to py32f002b_hal_tim.o(i.TIM_TI1_SetConfig) for TIM_TI1_SetConfig
    py32f002b_hal_tim_ex.o(i.HAL_TIMEx_HallSensor_Init) refers to py32f002b_hal_tim.o(i.TIM_OC2_SetConfig) for TIM_OC2_SetConfig
    py32f002b_hal_tim_ex.o(i.HAL_TIMEx_HallSensor_Start) refers to py32f002b_hal_tim.o(i.TIM_CCxChannelCmd) for TIM_CCxChannelCmd
    py32f002b_hal_tim_ex.o(i.HAL_TIMEx_HallSensor_Start_IT) refers to py32f002b_hal_tim.o(i.TIM_CCxChannelCmd) for TIM_CCxChannelCmd
    py32f002b_hal_tim_ex.o(i.HAL_TIMEx_HallSensor_Stop) refers to py32f002b_hal_tim.o(i.TIM_CCxChannelCmd) for TIM_CCxChannelCmd
    py32f002b_hal_tim_ex.o(i.HAL_TIMEx_HallSensor_Stop_IT) refers to py32f002b_hal_tim.o(i.TIM_CCxChannelCmd) for TIM_CCxChannelCmd
    py32f002b_hal_tim_ex.o(i.HAL_TIMEx_OCN_Start) refers to py32f002b_hal_tim_ex.o(i.TIM_CCxNChannelCmd) for TIM_CCxNChannelCmd
    py32f002b_hal_tim_ex.o(i.HAL_TIMEx_OCN_Start_IT) refers to py32f002b_hal_tim_ex.o(i.TIM_CCxNChannelCmd) for TIM_CCxNChannelCmd
    py32f002b_hal_tim_ex.o(i.HAL_TIMEx_OCN_Stop) refers to py32f002b_hal_tim_ex.o(i.TIM_CCxNChannelCmd) for TIM_CCxNChannelCmd
    py32f002b_hal_tim_ex.o(i.HAL_TIMEx_OCN_Stop_IT) refers to py32f002b_hal_tim_ex.o(i.TIM_CCxNChannelCmd) for TIM_CCxNChannelCmd
    py32f002b_hal_tim_ex.o(i.HAL_TIMEx_OnePulseN_Start) refers to py32f002b_hal_tim_ex.o(i.TIM_CCxNChannelCmd) for TIM_CCxNChannelCmd
    py32f002b_hal_tim_ex.o(i.HAL_TIMEx_OnePulseN_Start_IT) refers to py32f002b_hal_tim_ex.o(i.TIM_CCxNChannelCmd) for TIM_CCxNChannelCmd
    py32f002b_hal_tim_ex.o(i.HAL_TIMEx_OnePulseN_Stop) refers to py32f002b_hal_tim_ex.o(i.TIM_CCxNChannelCmd) for TIM_CCxNChannelCmd
    py32f002b_hal_tim_ex.o(i.HAL_TIMEx_OnePulseN_Stop_IT) refers to py32f002b_hal_tim_ex.o(i.TIM_CCxNChannelCmd) for TIM_CCxNChannelCmd
    py32f002b_hal_tim_ex.o(i.HAL_TIMEx_PWMN_Start) refers to py32f002b_hal_tim_ex.o(i.TIM_CCxNChannelCmd) for TIM_CCxNChannelCmd
    py32f002b_hal_tim_ex.o(i.HAL_TIMEx_PWMN_Start_IT) refers to py32f002b_hal_tim_ex.o(i.TIM_CCxNChannelCmd) for TIM_CCxNChannelCmd
    py32f002b_hal_tim_ex.o(i.HAL_TIMEx_PWMN_Stop) refers to py32f002b_hal_tim_ex.o(i.TIM_CCxNChannelCmd) for TIM_CCxNChannelCmd
    py32f002b_hal_tim_ex.o(i.HAL_TIMEx_PWMN_Stop_IT) refers to py32f002b_hal_tim_ex.o(i.TIM_CCxNChannelCmd) for TIM_CCxNChannelCmd
    py32f002b_hal_adc.o(i.ADC_ConversionStop) refers to py32f002b_hal.o(i.HAL_GetTick) for HAL_GetTick
    py32f002b_hal_adc.o(i.ADC_Disable) refers to py32f002b_hal.o(i.HAL_GetTick) for HAL_GetTick
    py32f002b_hal_adc.o(i.ADC_Enable) refers to uidiv.o(.text) for __aeabi_uidivmod
    py32f002b_hal_adc.o(i.ADC_Enable) refers to system_py32f002b.o(.data) for SystemCoreClock
    py32f002b_hal_adc.o(i.HAL_ADC_Calibration_SetAndStart) refers to py32f002b_hal.o(i.HAL_GetTick) for HAL_GetTick
    py32f002b_hal_adc.o(i.HAL_ADC_Calibration_Start) refers to py32f002b_hal.o(i.HAL_GetTick) for HAL_GetTick
    py32f002b_hal_adc.o(i.HAL_ADC_ConfigChannel) refers to uidiv.o(.text) for __aeabi_uidivmod
    py32f002b_hal_adc.o(i.HAL_ADC_ConfigChannel) refers to system_py32f002b.o(.data) for SystemCoreClock
    py32f002b_hal_adc.o(i.HAL_ADC_DeInit) refers to py32f002b_hal_adc.o(i.ADC_ConversionStop) for ADC_ConversionStop
    py32f002b_hal_adc.o(i.HAL_ADC_DeInit) refers to py32f002b_hal_adc.o(i.ADC_Disable) for ADC_Disable
    py32f002b_hal_adc.o(i.HAL_ADC_DeInit) refers to adc.o(i.HAL_ADC_MspDeInit) for HAL_ADC_MspDeInit
    py32f002b_hal_adc.o(i.HAL_ADC_IRQHandler) refers to py32f002b_hal_adc.o(i.HAL_ADC_ConvCpltCallback) for HAL_ADC_ConvCpltCallback
    py32f002b_hal_adc.o(i.HAL_ADC_IRQHandler) refers to py32f002b_hal_adc.o(i.HAL_ADC_LevelOutOfWindowCallback) for HAL_ADC_LevelOutOfWindowCallback
    py32f002b_hal_adc.o(i.HAL_ADC_IRQHandler) refers to py32f002b_hal_adc.o(i.HAL_ADC_ErrorCallback) for HAL_ADC_ErrorCallback
    py32f002b_hal_adc.o(i.HAL_ADC_Init) refers to adc.o(i.HAL_ADC_MspInit) for HAL_ADC_MspInit
    py32f002b_hal_adc.o(i.HAL_ADC_PollForConversion) refers to py32f002b_hal.o(i.HAL_GetTick) for HAL_GetTick
    py32f002b_hal_adc.o(i.HAL_ADC_PollForEvent) refers to py32f002b_hal.o(i.HAL_GetTick) for HAL_GetTick
    py32f002b_hal_adc.o(i.HAL_ADC_Start) refers to py32f002b_hal_adc.o(i.ADC_Enable) for ADC_Enable
    py32f002b_hal_adc.o(i.HAL_ADC_Start_IT) refers to py32f002b_hal_adc.o(i.ADC_Enable) for ADC_Enable
    py32f002b_hal_adc.o(i.HAL_ADC_Stop) refers to py32f002b_hal_adc.o(i.ADC_ConversionStop) for ADC_ConversionStop
    py32f002b_hal_adc.o(i.HAL_ADC_Stop) refers to py32f002b_hal_adc.o(i.ADC_Disable) for ADC_Disable
    py32f002b_hal_adc.o(i.HAL_ADC_Stop_IT) refers to py32f002b_hal_adc.o(i.ADC_ConversionStop) for ADC_ConversionStop
    py32f002b_hal_adc.o(i.HAL_ADC_Stop_IT) refers to py32f002b_hal_adc.o(i.ADC_Disable) for ADC_Disable
    py32f002b_hal.o(i.HAL_DeInit) refers to py32f002b_hal.o(i.HAL_MspDeInit) for HAL_MspDeInit
    py32f002b_hal.o(i.HAL_Delay) refers to py32f002b_hal.o(i.HAL_GetTick) for HAL_GetTick
    py32f002b_hal.o(i.HAL_Delay) refers to py32f002b_hal.o(.data) for uwTickFreq
    py32f002b_hal.o(i.HAL_GetTick) refers to py32f002b_hal.o(.data) for uwTick
    py32f002b_hal.o(i.HAL_GetTickFreq) refers to py32f002b_hal.o(.data) for uwTickFreq
    py32f002b_hal.o(i.HAL_GetTickPrio) refers to py32f002b_hal.o(.data) for uwTickPrio
    py32f002b_hal.o(i.HAL_IncTick) refers to py32f002b_hal.o(.data) for uwTick
    py32f002b_hal.o(i.HAL_Init) refers to py32f002b_hal.o(i.HAL_InitTick) for HAL_InitTick
    py32f002b_hal.o(i.HAL_Init) refers to py32f002b_hal_msp.o(i.HAL_MspInit) for HAL_MspInit
    py32f002b_hal.o(i.HAL_InitTick) refers to uidiv.o(.text) for __aeabi_uidivmod
    py32f002b_hal.o(i.HAL_InitTick) refers to py32f002b_hal_cortex.o(i.HAL_SYSTICK_Config) for HAL_SYSTICK_Config
    py32f002b_hal.o(i.HAL_InitTick) refers to py32f002b_hal_cortex.o(i.HAL_NVIC_SetPriority) for HAL_NVIC_SetPriority
    py32f002b_hal.o(i.HAL_InitTick) refers to py32f002b_hal.o(.data) for uwTickFreq
    py32f002b_hal.o(i.HAL_InitTick) refers to system_py32f002b.o(.data) for SystemCoreClock
    py32f002b_hal.o(i.HAL_SetTickFreq) refers to py32f002b_hal.o(i.HAL_InitTick) for HAL_InitTick
    py32f002b_hal.o(i.HAL_SetTickFreq) refers to py32f002b_hal.o(.data) for uwTickFreq
    py32f002b_hal_cortex.o(i.HAL_NVIC_SetPriority) refers to py32f002b_hal_cortex.o(i.NVIC_SetPriority) for NVIC_SetPriority
    py32f002b_hal_cortex.o(i.HAL_SYSTICK_Config) refers to py32f002b_hal_cortex.o(i.NVIC_SetPriority) for NVIC_SetPriority
    py32f002b_hal_cortex.o(i.HAL_SYSTICK_IRQHandler) refers to py32f002b_hal_cortex.o(i.HAL_SYSTICK_Callback) for HAL_SYSTICK_Callback
    rcc.o(i.Studio_RCC_Init) refers to memseta.o(.text) for __aeabi_memclr4
    rcc.o(i.Studio_RCC_Init) refers to py32f002b_hal_rcc.o(i.HAL_RCC_OscConfig) for HAL_RCC_OscConfig
    rcc.o(i.Studio_RCC_Init) refers to main.o(i.Error_Handler) for Error_Handler
    rcc.o(i.Studio_RCC_Init) refers to py32f002b_hal_rcc.o(i.HAL_RCC_ClockConfig) for HAL_RCC_ClockConfig
    gpio.o(i.Studio_GPIO_Init) refers to memseta.o(.text) for __aeabi_memclr4
    gpio.o(i.Studio_GPIO_Init) refers to py32f002b_hal_gpio.o(i.HAL_GPIO_Init) for HAL_GPIO_Init
    gpio.o(i.Studio_GPIO_Init) refers to py32f002b_hal_gpio.o(i.HAL_GPIO_WritePin) for HAL_GPIO_WritePin
    py32f002b_it.o(i.SysTick_Handler) refers to py32f002b_hal.o(i.HAL_IncTick) for HAL_IncTick
    py32f002b_it.o(i.TIM14_IRQHandler) refers to py32f002b_hal_tim.o(i.HAL_TIM_IRQHandler) for HAL_TIM_IRQHandler
    py32f002b_it.o(i.TIM14_IRQHandler) refers to tim.o(.bss) for htim14
    i2c.o(i.HAL_I2C_MspDeInit) refers to py32f002b_hal_gpio.o(i.HAL_GPIO_DeInit) for HAL_GPIO_DeInit
    i2c.o(i.HAL_I2C_MspInit) refers to memseta.o(.text) for __aeabi_memclr4
    i2c.o(i.HAL_I2C_MspInit) refers to py32f002b_hal_gpio.o(i.HAL_GPIO_Init) for HAL_GPIO_Init
    i2c.o(i.Studio_I2C1_Init) refers to py32f002b_hal_i2c.o(i.HAL_I2C_Init) for HAL_I2C_Init
    i2c.o(i.Studio_I2C1_Init) refers to main.o(i.Error_Handler) for Error_Handler
    i2c.o(i.Studio_I2C1_Init) refers to i2c.o(.bss) for hi2c1
    tim.o(i.HAL_TIM_Base_MspDeInit) refers to py32f002b_hal_cortex.o(i.HAL_NVIC_DisableIRQ) for HAL_NVIC_DisableIRQ
    tim.o(i.HAL_TIM_Base_MspInit) refers to py32f002b_hal_cortex.o(i.HAL_NVIC_SetPriority) for HAL_NVIC_SetPriority
    tim.o(i.HAL_TIM_Base_MspInit) refers to py32f002b_hal_cortex.o(i.HAL_NVIC_EnableIRQ) for HAL_NVIC_EnableIRQ
    tim.o(i.Studio_TIM14_Init) refers to py32f002b_hal_tim.o(i.HAL_TIM_Base_Init) for HAL_TIM_Base_Init
    tim.o(i.Studio_TIM14_Init) refers to main.o(i.Error_Handler) for Error_Handler
    tim.o(i.Studio_TIM14_Init) refers to tim.o(.bss) for htim14
    main.o(i.main) refers to py32f002b_hal.o(i.HAL_Init) for HAL_Init
    main.o(i.main) refers to py32f002b_hal.o(i.HAL_Delay) for HAL_Delay
    main.o(i.main) refers to rcc.o(i.Studio_RCC_Init) for Studio_RCC_Init
    main.o(i.main) refers to gpio.o(i.Studio_GPIO_Init) for Studio_GPIO_Init
    main.o(i.main) refers to i2c.o(i.Studio_I2C1_Init) for Studio_I2C1_Init
    main.o(i.main) refers to tim.o(i.Studio_TIM14_Init) for Studio_TIM14_Init
    main.o(i.main) refers to adc.o(i.Studio_ADC1_Init) for Studio_ADC1_Init
    main.o(i.main) refers to ws2812_app.o(i.WS2812_Send_Data) for WS2812_Send_Data
    main.o(i.main) refers to tas3251_app.o(i.TAS3251_Init) for TAS3251_Init
    main.o(i.main) refers to adc_app.o(i.Get_PVDD_mV) for Get_PVDD_mV
    main.o(i.main) refers to tas3251_app.o(i.AMP_Fault_Handler) for AMP_Fault_Handler
    main.o(i.main) refers to adc_app.o(.data) for pvdd_mv
    adc.o(i.HAL_ADC_MspDeInit) refers to py32f002b_hal_gpio.o(i.HAL_GPIO_DeInit) for HAL_GPIO_DeInit
    adc.o(i.HAL_ADC_MspInit) refers to memseta.o(.text) for __aeabi_memclr4
    adc.o(i.HAL_ADC_MspInit) refers to py32f002b_hal_gpio.o(i.HAL_GPIO_Init) for HAL_GPIO_Init
    adc.o(i.Studio_ADC1_Init) refers to py32f002b_hal_adc.o(i.HAL_ADC_Init) for HAL_ADC_Init
    adc.o(i.Studio_ADC1_Init) refers to main.o(i.Error_Handler) for Error_Handler
    adc.o(i.Studio_ADC1_Init) refers to py32f002b_hal_adc.o(i.HAL_ADC_ConfigVrefBuf) for HAL_ADC_ConfigVrefBuf
    adc.o(i.Studio_ADC1_Init) refers to py32f002b_hal_adc.o(i.HAL_ADC_ConfigChannel) for HAL_ADC_ConfigChannel
    adc.o(i.Studio_ADC1_Init) refers to py32f002b_hal_adc.o(i.HAL_ADC_Calibration_Start) for HAL_ADC_Calibration_Start
    adc.o(i.Studio_ADC1_Init) refers to adc.o(.bss) for hadc1
    adc_app.o(i.ADC_Delay_Us) refers to uidiv.o(.text) for __aeabi_uidivmod
    adc_app.o(i.ADC_Delay_Us) refers to system_py32f002b.o(.data) for SystemCoreClock
    adc_app.o(i.Get_ADC_Code) refers to adc_app.o(i.ADC_Delay_Us) for ADC_Delay_Us
    adc_app.o(i.Get_ADC_Code) refers to py32f002b_hal_adc.o(i.HAL_ADC_Start) for HAL_ADC_Start
    adc_app.o(i.Get_ADC_Code) refers to py32f002b_hal_adc.o(i.HAL_ADC_PollForConversion) for HAL_ADC_PollForConversion
    adc_app.o(i.Get_ADC_Code) refers to py32f002b_hal_adc.o(i.HAL_ADC_Stop) for HAL_ADC_Stop
    adc_app.o(i.Get_ADC_Code) refers to py32f002b_hal_adc.o(i.HAL_ADC_GetValue) for HAL_ADC_GetValue
    adc_app.o(i.Get_ADC_Code) refers to adc_app.o(.data) for Last_Channel
    adc_app.o(i.Get_ADC_Code) refers to adc.o(.bss) for hadc1
    adc_app.o(i.Get_ADC_mV) refers to adc_app.o(i.Get_VCCA_mV) for Get_VCCA_mV
    adc_app.o(i.Get_ADC_mV) refers to adc_app.o(i.Get_ADC_Code) for Get_ADC_Code
    adc_app.o(i.Get_ADC_mV) refers to uidiv.o(.text) for __aeabi_uidivmod
    adc_app.o(i.Get_Factory_Vrefint_Value) refers to adc_app.o(i.Hex_Literal_To_Dec) for Hex_Literal_To_Dec
    adc_app.o(i.Get_PVDD_mV) refers to adc_app.o(i.Get_ADC_mV) for Get_ADC_mV
    adc_app.o(i.Get_PVDD_mV) refers to uidiv.o(.text) for __aeabi_uidivmod
    adc_app.o(i.Get_PVDD_mV) refers to adc_app.o(.data) for pvdd_mv
    adc_app.o(i.Get_VCCA_mV) refers to adc_app.o(i.Get_Factory_Vrefint_Value) for Get_Factory_Vrefint_Value
    adc_app.o(i.Get_VCCA_mV) refers to adc_app.o(i.Get_ADC_Code) for Get_ADC_Code
    adc_app.o(i.Get_VCCA_mV) refers to uidiv.o(.text) for __aeabi_uidivmod
    adc_app.o(i.PVDD_Is_PowerDrop) refers to adc_app.o(.data) for pvdd_mv
    ws2812_app.o(i.HSV2RGB) refers to idiv.o(.text) for __aeabi_idivmod
    ws2812_app.o(i.HSV2RGB) refers to py32f002b_hal_tim.o(i.__ARM_common_switch8) for __ARM_common_switch8
    ws2812_app.o(i.WS2812_Send_Data) refers to ws2812_app.o(i.WS2812_Send_Bit) for WS2812_Send_Bit
    tas3251_app.o(i.AMP_Fault_Handler) refers to py32f002b_hal_gpio.o(i.HAL_GPIO_ReadPin) for HAL_GPIO_ReadPin
    tas3251_app.o(i.AMP_Fault_Handler) refers to py32f002b_hal_gpio.o(i.HAL_GPIO_WritePin) for HAL_GPIO_WritePin
    tas3251_app.o(i.AMP_Fault_Handler) refers to ws2812_app.o(i.WS2812_Send_Data) for WS2812_Send_Data
    tas3251_app.o(i.AMP_Fault_Handler) refers to py32f002b_hal.o(i.HAL_Delay) for HAL_Delay
    tas3251_app.o(i.AMP_Fault_Handler) refers to adc_app.o(i.PVDD_Is_PowerDrop) for PVDD_Is_PowerDrop
    tas3251_app.o(i.AMP_Fault_Handler) refers to tas3251_app.o(.data) for TAS3251_Status
    tas3251_app.o(i.I2C_ReadReg) refers to py32f002b_hal_i2c.o(i.HAL_I2C_Mem_Read) for HAL_I2C_Mem_Read
    tas3251_app.o(i.I2C_ReadReg) refers to i2c.o(.bss) for hi2c1
    tas3251_app.o(i.I2C_WriteReg) refers to py32f002b_hal_i2c.o(i.HAL_I2C_Mem_Write) for HAL_I2C_Mem_Write
    tas3251_app.o(i.I2C_WriteReg) refers to i2c.o(.bss) for hi2c1
    tas3251_app.o(i.TAS3251_Init) refers to py32f002b_hal_gpio.o(i.HAL_GPIO_WritePin) for HAL_GPIO_WritePin
    tas3251_app.o(i.TAS3251_Init) refers to tas3251_app.o(i.I2C_WriteReg) for I2C_WriteReg
    tas3251_app.o(i.TAS3251_Init) refers to py32f002b_hal.o(i.HAL_Delay) for HAL_Delay
    tas3251_app.o(i.TAS3251_Init) refers to tas3251_app.o(i.TAS3251_Set_Input_Format) for TAS3251_Set_Input_Format
    tas3251_app.o(i.TAS3251_Init) refers to tas3251_app.o(i.TAS3251_Set_Vol_dB) for TAS3251_Set_Vol_dB
    tas3251_app.o(i.TAS3251_Set_Input_Format) refers to tas3251_app.o(i.I2C_WriteReg) for I2C_WriteReg
    tas3251_app.o(i.TAS3251_Set_Vol_dB) refers to tas3251_app.o(i.I2C_WriteReg) for I2C_WriteReg
    startup_py32f002b.o(RESET) refers to startup_py32f002b.o(STACK) for __initial_sp
    startup_py32f002b.o(RESET) refers to startup_py32f002b.o(.text) for Reset_Handler
    startup_py32f002b.o(RESET) refers to py32f002b_it.o(i.NMI_Handler) for NMI_Handler
    startup_py32f002b.o(RESET) refers to py32f002b_it.o(i.HardFault_Handler) for HardFault_Handler
    startup_py32f002b.o(RESET) refers to py32f002b_it.o(i.SVC_Handler) for SVC_Handler
    startup_py32f002b.o(RESET) refers to py32f002b_it.o(i.PendSV_Handler) for PendSV_Handler
    startup_py32f002b.o(RESET) refers to py32f002b_it.o(i.SysTick_Handler) for SysTick_Handler
    startup_py32f002b.o(RESET) refers to py32f002b_it.o(i.TIM14_IRQHandler) for TIM14_IRQHandler
    startup_py32f002b.o(.text) refers to system_py32f002b.o(i.SystemInit) for SystemInit
    startup_py32f002b.o(.text) refers to entry.o(.ARM.Collect$$$$00000000) for __main
    system_py32f002b.o(i.SystemCoreClockUpdate) refers to uidiv.o(.text) for __aeabi_uidivmod
    system_py32f002b.o(i.SystemCoreClockUpdate) refers to system_py32f002b.o(.data) for SystemCoreClock
    system_py32f002b.o(i.SystemCoreClockUpdate) refers to system_py32f002b.o(.constdata) for HSIFreqTable
    system_py32f002b.o(i.SystemInit) refers to system_py32f002b.o(i.DelayTime) for DelayTime
    entry.o(.ARM.Collect$$$$00000000) refers (Special) to entry10a.o(.ARM.Collect$$$$0000000F) for __rt_final_cpp
    entry.o(.ARM.Collect$$$$00000000) refers (Special) to entry11a.o(.ARM.Collect$$$$00000011) for __rt_final_exit
    entry.o(.ARM.Collect$$$$00000000) refers (Special) to entry12b.o(.ARM.Collect$$$$0000000E) for __rt_lib_shutdown_fini
    entry.o(.ARM.Collect$$$$00000000) refers (Special) to entry7b.o(.ARM.Collect$$$$00000008) for _main_clock
    entry.o(.ARM.Collect$$$$00000000) refers (Special) to entry8b.o(.ARM.Collect$$$$0000000A) for _main_cpp_init
    entry.o(.ARM.Collect$$$$00000000) refers (Special) to entry9a.o(.ARM.Collect$$$$0000000B) for _main_init
    entry.o(.ARM.Collect$$$$00000000) refers (Special) to entry5.o(.ARM.Collect$$$$00000004) for _main_scatterload
    entry.o(.ARM.Collect$$$$00000000) refers (Special) to entry2.o(.ARM.Collect$$$$00000001) for _main_stk
    idiv.o(.text) refers to uidiv.o(.text) for __aeabi_uidivmod
    entry2.o(.ARM.Collect$$$$00000001) refers to entry2.o(.ARM.Collect$$$$00002712) for __lit__00000000
    entry2.o(.ARM.Collect$$$$00002712) refers to startup_py32f002b.o(STACK) for __initial_sp
    entry2.o(__vectab_stack_and_reset_area) refers to startup_py32f002b.o(STACK) for __initial_sp
    entry2.o(__vectab_stack_and_reset_area) refers to entry.o(.ARM.Collect$$$$00000000) for __main
    entry5.o(.ARM.Collect$$$$00000004) refers to init.o(.text) for __scatterload
    entry9a.o(.ARM.Collect$$$$0000000B) refers to main.o(i.main) for main
    entry9b.o(.ARM.Collect$$$$0000000C) refers to main.o(i.main) for main
    init.o(.text) refers to entry5.o(.ARM.Collect$$$$00000004) for __main_after_scatterload


==============================================================================

Removing Unused input sections from the image.

    Removing py32f002b_hal_rcc.o(.rev16_text), (4 bytes).
    Removing py32f002b_hal_rcc.o(.revsh_text), (4 bytes).
    Removing py32f002b_hal_rcc.o(i.HAL_RCC_CSSCallback), (2 bytes).
    Removing py32f002b_hal_rcc.o(i.HAL_RCC_DeInit), (212 bytes).
    Removing py32f002b_hal_rcc.o(i.HAL_RCC_DisableLSECSS), (20 bytes).
    Removing py32f002b_hal_rcc.o(i.HAL_RCC_EnableLSECSS), (20 bytes).
    Removing py32f002b_hal_rcc.o(i.HAL_RCC_GetClockConfig), (60 bytes).
    Removing py32f002b_hal_rcc.o(i.HAL_RCC_GetOscConfig), (172 bytes).
    Removing py32f002b_hal_rcc.o(i.HAL_RCC_LSECSSCallback), (2 bytes).
    Removing py32f002b_hal_rcc.o(i.HAL_RCC_MCOConfig), (160 bytes).
    Removing py32f002b_hal_rcc.o(i.HAL_RCC_NMI_IRQHandler), (32 bytes).
    Removing py32f002b_hal_rcc_ex.o(.rev16_text), (4 bytes).
    Removing py32f002b_hal_rcc_ex.o(.revsh_text), (4 bytes).
    Removing py32f002b_hal_rcc_ex.o(i.HAL_RCCEx_DisableLSCO), (2 bytes).
    Removing py32f002b_hal_rcc_ex.o(i.HAL_RCCEx_EnableLSCO), (24 bytes).
    Removing py32f002b_hal_rcc_ex.o(i.HAL_RCCEx_GetPeriphCLKConfig), (68 bytes).
    Removing py32f002b_hal_rcc_ex.o(i.HAL_RCCEx_GetPeriphCLKFreq), (284 bytes).
    Removing py32f002b_hal_rcc_ex.o(i.HAL_RCCEx_PeriphCLKConfig), (188 bytes).
    Removing py32f002b_hal_gpio.o(.rev16_text), (4 bytes).
    Removing py32f002b_hal_gpio.o(.revsh_text), (4 bytes).
    Removing py32f002b_hal_gpio.o(i.HAL_GPIO_DeInit), (244 bytes).
    Removing py32f002b_hal_gpio.o(i.HAL_GPIO_EXTI_Callback), (2 bytes).
    Removing py32f002b_hal_gpio.o(i.HAL_GPIO_EXTI_IRQHandler), (32 bytes).
    Removing py32f002b_hal_gpio.o(i.HAL_GPIO_LockPin), (50 bytes).
    Removing py32f002b_hal_gpio.o(i.HAL_GPIO_TogglePin), (16 bytes).
    Removing py32f002b_hal_pwr.o(.rev16_text), (4 bytes).
    Removing py32f002b_hal_pwr.o(.revsh_text), (4 bytes).
    Removing py32f002b_hal_pwr.o(i.HAL_PWR_ConfigBIAS), (60 bytes).
    Removing py32f002b_hal_pwr.o(i.HAL_PWR_ConfigStopMode), (40 bytes).
    Removing py32f002b_hal_pwr.o(i.HAL_PWR_DeInit), (32 bytes).
    Removing py32f002b_hal_pwr.o(i.HAL_PWR_DisableSEVOnPend), (20 bytes).
    Removing py32f002b_hal_pwr.o(i.HAL_PWR_DisableSleepOnExit), (20 bytes).
    Removing py32f002b_hal_pwr.o(i.HAL_PWR_EnableSEVOnPend), (20 bytes).
    Removing py32f002b_hal_pwr.o(i.HAL_PWR_EnableSleepOnExit), (20 bytes).
    Removing py32f002b_hal_pwr.o(i.HAL_PWR_EnterSLEEPMode), (32 bytes).
    Removing py32f002b_hal_pwr.o(i.HAL_PWR_EnterSTOPMode), (64 bytes).
    Removing py32f002b_hal_exti.o(.rev16_text), (4 bytes).
    Removing py32f002b_hal_exti.o(.revsh_text), (4 bytes).
    Removing py32f002b_hal_exti.o(i.HAL_EXTI_ClearConfigLine), (128 bytes).
    Removing py32f002b_hal_exti.o(i.HAL_EXTI_ClearPending), (24 bytes).
    Removing py32f002b_hal_exti.o(i.HAL_EXTI_GenerateSWI), (24 bytes).
    Removing py32f002b_hal_exti.o(i.HAL_EXTI_GetConfigLine), (184 bytes).
    Removing py32f002b_hal_exti.o(i.HAL_EXTI_GetHandle), (16 bytes).
    Removing py32f002b_hal_exti.o(i.HAL_EXTI_GetPending), (36 bytes).
    Removing py32f002b_hal_exti.o(i.HAL_EXTI_IRQHandler), (48 bytes).
    Removing py32f002b_hal_exti.o(i.HAL_EXTI_RegisterCallback), (22 bytes).
    Removing py32f002b_hal_exti.o(i.HAL_EXTI_SetConfigLine), (252 bytes).
    Removing py32f002b_hal_i2c.o(.rev16_text), (4 bytes).
    Removing py32f002b_hal_i2c.o(.revsh_text), (4 bytes).
    Removing py32f002b_hal_i2c.o(i.HAL_I2C_AbortCpltCallback), (2 bytes).
    Removing py32f002b_hal_i2c.o(i.HAL_I2C_AddrCallback), (2 bytes).
    Removing py32f002b_hal_i2c.o(i.HAL_I2C_DeInit), (66 bytes).
    Removing py32f002b_hal_i2c.o(i.HAL_I2C_DisableListen_IT), (74 bytes).
    Removing py32f002b_hal_i2c.o(i.HAL_I2C_ER_IRQHandler), (288 bytes).
    Removing py32f002b_hal_i2c.o(i.HAL_I2C_EV_IRQHandler), (576 bytes).
    Removing py32f002b_hal_i2c.o(i.HAL_I2C_EnableListen_IT), (76 bytes).
    Removing py32f002b_hal_i2c.o(i.HAL_I2C_ErrorCallback), (2 bytes).
    Removing py32f002b_hal_i2c.o(i.HAL_I2C_GetError), (6 bytes).
    Removing py32f002b_hal_i2c.o(i.HAL_I2C_GetMode), (8 bytes).
    Removing py32f002b_hal_i2c.o(i.HAL_I2C_GetState), (8 bytes).
    Removing py32f002b_hal_i2c.o(i.HAL_I2C_IRQHandler), (920 bytes).
    Removing py32f002b_hal_i2c.o(i.HAL_I2C_IsDeviceReady), (464 bytes).
    Removing py32f002b_hal_i2c.o(i.HAL_I2C_ListenCpltCallback), (2 bytes).
    Removing py32f002b_hal_i2c.o(i.HAL_I2C_MasterRxCpltCallback), (2 bytes).
    Removing py32f002b_hal_i2c.o(i.HAL_I2C_MasterTxCpltCallback), (2 bytes).
    Removing py32f002b_hal_i2c.o(i.HAL_I2C_Master_Abort_IT), (116 bytes).
    Removing py32f002b_hal_i2c.o(i.HAL_I2C_Master_Receive), (808 bytes).
    Removing py32f002b_hal_i2c.o(i.HAL_I2C_Master_Receive_IT), (268 bytes).
    Removing py32f002b_hal_i2c.o(i.HAL_I2C_Master_Seq_Receive_IT), (392 bytes).
    Removing py32f002b_hal_i2c.o(i.HAL_I2C_Master_Seq_Transmit_IT), (300 bytes).
    Removing py32f002b_hal_i2c.o(i.HAL_I2C_Master_Transmit), (384 bytes).
    Removing py32f002b_hal_i2c.o(i.HAL_I2C_Master_Transmit_IT), (252 bytes).
    Removing py32f002b_hal_i2c.o(i.HAL_I2C_MemRxCpltCallback), (2 bytes).
    Removing py32f002b_hal_i2c.o(i.HAL_I2C_MemTxCpltCallback), (2 bytes).
    Removing py32f002b_hal_i2c.o(i.HAL_I2C_Mem_Read), (816 bytes).
    Removing py32f002b_hal_i2c.o(i.HAL_I2C_Mem_Read_IT), (284 bytes).
    Removing py32f002b_hal_i2c.o(i.HAL_I2C_Mem_Write_IT), (264 bytes).
    Removing py32f002b_hal_i2c.o(i.HAL_I2C_MspDeInit), (2 bytes).
    Removing py32f002b_hal_i2c.o(i.HAL_I2C_MspInit), (2 bytes).
    Removing py32f002b_hal_i2c.o(i.HAL_I2C_SlaveRxCpltCallback), (2 bytes).
    Removing py32f002b_hal_i2c.o(i.HAL_I2C_SlaveTxCpltCallback), (2 bytes).
    Removing py32f002b_hal_i2c.o(i.HAL_I2C_Slave_Receive), (404 bytes).
    Removing py32f002b_hal_i2c.o(i.HAL_I2C_Slave_Receive_IT), (156 bytes).
    Removing py32f002b_hal_i2c.o(i.HAL_I2C_Slave_Seq_Receive_IT), (164 bytes).
    Removing py32f002b_hal_i2c.o(i.HAL_I2C_Slave_Seq_Transmit_IT), (162 bytes).
    Removing py32f002b_hal_i2c.o(i.HAL_I2C_Slave_Transmit), (380 bytes).
    Removing py32f002b_hal_i2c.o(i.HAL_I2C_Slave_Transmit_IT), (156 bytes).
    Removing py32f002b_hal_i2c.o(i.I2C_ConvertOtherXferOptions), (32 bytes).
    Removing py32f002b_hal_i2c.o(i.I2C_ITError), (240 bytes).
    Removing py32f002b_hal_i2c.o(i.I2C_MasterReceive_BTF), (310 bytes).
    Removing py32f002b_hal_i2c.o(i.I2C_MasterReceive_RXNE), (174 bytes).
    Removing py32f002b_hal_i2c.o(i.I2C_MasterRequestRead), (144 bytes).
    Removing py32f002b_hal_i2c.o(i.I2C_MasterRequestWrite), (128 bytes).
    Removing py32f002b_hal_i2c.o(i.I2C_MasterTransmit_BTF), (172 bytes).
    Removing py32f002b_hal_i2c.o(i.I2C_MasterTransmit_TXE), (352 bytes).
    Removing py32f002b_hal_i2c.o(i.I2C_Master_ADD10), (10 bytes).
    Removing py32f002b_hal_i2c.o(i.I2C_Master_ADDR), (468 bytes).
    Removing py32f002b_hal_i2c.o(i.I2C_Master_SB), (74 bytes).
    Removing py32f002b_hal_i2c.o(i.I2C_RequestMemoryRead), (340 bytes).
    Removing py32f002b_hal_i2c.o(i.I2C_SlaveReceive_BTF), (28 bytes).
    Removing py32f002b_hal_i2c.o(i.I2C_SlaveReceive_RXNE), (76 bytes).
    Removing py32f002b_hal_i2c.o(i.I2C_SlaveTransmit_BTF), (28 bytes).
    Removing py32f002b_hal_i2c.o(i.I2C_SlaveTransmit_TXE), (76 bytes).
    Removing py32f002b_hal_i2c.o(i.I2C_Slave_ADDR), (90 bytes).
    Removing py32f002b_hal_i2c.o(i.I2C_Slave_AF), (168 bytes).
    Removing py32f002b_hal_i2c.o(i.I2C_Slave_STOPF), (320 bytes).
    Removing py32f002b_hal_i2c.o(i.I2C_WaitOnRXNEFlagUntilTimeout), (132 bytes).
    Removing py32f002b_hal_i2c.o(i.I2C_WaitOnSTOPFlagUntilTimeout), (94 bytes).
    Removing py32f002b_hal_tim.o(.rev16_text), (4 bytes).
    Removing py32f002b_hal_tim.o(.revsh_text), (4 bytes).
    Removing py32f002b_hal_tim.o(i.HAL_TIM_Base_DeInit), (72 bytes).
    Removing py32f002b_hal_tim.o(i.HAL_TIM_Base_GetState), (6 bytes).
    Removing py32f002b_hal_tim.o(i.HAL_TIM_Base_MspDeInit), (2 bytes).
    Removing py32f002b_hal_tim.o(i.HAL_TIM_Base_MspInit), (2 bytes).
    Removing py32f002b_hal_tim.o(i.HAL_TIM_Base_Start), (38 bytes).
    Removing py32f002b_hal_tim.o(i.HAL_TIM_Base_Start_IT), (42 bytes).
    Removing py32f002b_hal_tim.o(i.HAL_TIM_Base_Stop), (60 bytes).
    Removing py32f002b_hal_tim.o(i.HAL_TIM_Base_Stop_IT), (64 bytes).
    Removing py32f002b_hal_tim.o(i.HAL_TIM_ConfigClockSource), (262 bytes).
    Removing py32f002b_hal_tim.o(i.HAL_TIM_ConfigOCrefClear), (312 bytes).
    Removing py32f002b_hal_tim.o(i.HAL_TIM_ConfigTI1Input), (32 bytes).
    Removing py32f002b_hal_tim.o(i.HAL_TIM_Encoder_DeInit), (72 bytes).
    Removing py32f002b_hal_tim.o(i.HAL_TIM_Encoder_GetState), (6 bytes).
    Removing py32f002b_hal_tim.o(i.HAL_TIM_Encoder_Init), (184 bytes).
    Removing py32f002b_hal_tim.o(i.HAL_TIM_Encoder_MspDeInit), (2 bytes).
    Removing py32f002b_hal_tim.o(i.HAL_TIM_Encoder_MspInit), (2 bytes).
    Removing py32f002b_hal_tim.o(i.HAL_TIM_Encoder_Start), (80 bytes).
    Removing py32f002b_hal_tim.o(i.HAL_TIM_Encoder_Start_IT), (128 bytes).
    Removing py32f002b_hal_tim.o(i.HAL_TIM_Encoder_Stop), (112 bytes).
    Removing py32f002b_hal_tim.o(i.HAL_TIM_Encoder_Stop_IT), (160 bytes).
    Removing py32f002b_hal_tim.o(i.HAL_TIM_ErrorCallback), (2 bytes).
    Removing py32f002b_hal_tim.o(i.HAL_TIM_GenerateEvent), (44 bytes).
    Removing py32f002b_hal_tim.o(i.HAL_TIM_IC_CaptureHalfCpltCallback), (2 bytes).
    Removing py32f002b_hal_tim.o(i.HAL_TIM_IC_ConfigChannel), (216 bytes).
    Removing py32f002b_hal_tim.o(i.HAL_TIM_IC_DeInit), (72 bytes).
    Removing py32f002b_hal_tim.o(i.HAL_TIM_IC_GetState), (6 bytes).
    Removing py32f002b_hal_tim.o(i.HAL_TIM_IC_Init), (46 bytes).
    Removing py32f002b_hal_tim.o(i.HAL_TIM_IC_MspDeInit), (2 bytes).
    Removing py32f002b_hal_tim.o(i.HAL_TIM_IC_MspInit), (2 bytes).
    Removing py32f002b_hal_tim.o(i.HAL_TIM_IC_Start), (44 bytes).
    Removing py32f002b_hal_tim.o(i.HAL_TIM_IC_Start_IT), (122 bytes).
    Removing py32f002b_hal_tim.o(i.HAL_TIM_IC_Stop), (64 bytes).
    Removing py32f002b_hal_tim.o(i.HAL_TIM_IC_Stop_IT), (144 bytes).
    Removing py32f002b_hal_tim.o(i.HAL_TIM_OC_ConfigChannel), (108 bytes).
    Removing py32f002b_hal_tim.o(i.HAL_TIM_OC_DeInit), (72 bytes).
    Removing py32f002b_hal_tim.o(i.HAL_TIM_OC_GetState), (6 bytes).
    Removing py32f002b_hal_tim.o(i.HAL_TIM_OC_Init), (46 bytes).
    Removing py32f002b_hal_tim.o(i.HAL_TIM_OC_MspDeInit), (2 bytes).
    Removing py32f002b_hal_tim.o(i.HAL_TIM_OC_MspInit), (2 bytes).
    Removing py32f002b_hal_tim.o(i.HAL_TIM_OC_Start), (92 bytes).
    Removing py32f002b_hal_tim.o(i.HAL_TIM_OC_Start_IT), (172 bytes).
    Removing py32f002b_hal_tim.o(i.HAL_TIM_OC_Stop), (140 bytes).
    Removing py32f002b_hal_tim.o(i.HAL_TIM_OC_Stop_IT), (220 bytes).
    Removing py32f002b_hal_tim.o(i.HAL_TIM_OnePulse_ConfigChannel), (286 bytes).
    Removing py32f002b_hal_tim.o(i.HAL_TIM_OnePulse_DeInit), (72 bytes).
    Removing py32f002b_hal_tim.o(i.HAL_TIM_OnePulse_GetState), (6 bytes).
    Removing py32f002b_hal_tim.o(i.HAL_TIM_OnePulse_Init), (70 bytes).
    Removing py32f002b_hal_tim.o(i.HAL_TIM_OnePulse_MspDeInit), (2 bytes).
    Removing py32f002b_hal_tim.o(i.HAL_TIM_OnePulse_MspInit), (2 bytes).
    Removing py32f002b_hal_tim.o(i.HAL_TIM_OnePulse_Start), (80 bytes).
    Removing py32f002b_hal_tim.o(i.HAL_TIM_OnePulse_Start_IT), (104 bytes).
    Removing py32f002b_hal_tim.o(i.HAL_TIM_OnePulse_Stop), (152 bytes).
    Removing py32f002b_hal_tim.o(i.HAL_TIM_OnePulse_Stop_IT), (176 bytes).
    Removing py32f002b_hal_tim.o(i.HAL_TIM_PWM_ConfigChannel), (264 bytes).
    Removing py32f002b_hal_tim.o(i.HAL_TIM_PWM_DeInit), (72 bytes).
    Removing py32f002b_hal_tim.o(i.HAL_TIM_PWM_GetState), (6 bytes).
    Removing py32f002b_hal_tim.o(i.HAL_TIM_PWM_Init), (46 bytes).
    Removing py32f002b_hal_tim.o(i.HAL_TIM_PWM_MspDeInit), (2 bytes).
    Removing py32f002b_hal_tim.o(i.HAL_TIM_PWM_MspInit), (2 bytes).
    Removing py32f002b_hal_tim.o(i.HAL_TIM_PWM_PulseFinishedHalfCpltCallback), (2 bytes).
    Removing py32f002b_hal_tim.o(i.HAL_TIM_PWM_Start), (92 bytes).
    Removing py32f002b_hal_tim.o(i.HAL_TIM_PWM_Start_IT), (172 bytes).
    Removing py32f002b_hal_tim.o(i.HAL_TIM_PWM_Stop), (144 bytes).
    Removing py32f002b_hal_tim.o(i.HAL_TIM_PWM_Stop_IT), (220 bytes).
    Removing py32f002b_hal_tim.o(i.HAL_TIM_PeriodElapsedCallback), (2 bytes).
    Removing py32f002b_hal_tim.o(i.HAL_TIM_PeriodElapsedHalfCpltCallback), (2 bytes).
    Removing py32f002b_hal_tim.o(i.HAL_TIM_ReadCapturedValue), (52 bytes).
    Removing py32f002b_hal_tim.o(i.HAL_TIM_SlaveConfigSynchro), (84 bytes).
    Removing py32f002b_hal_tim.o(i.HAL_TIM_SlaveConfigSynchro_IT), (84 bytes).
    Removing py32f002b_hal_tim.o(i.HAL_TIM_TriggerHalfCpltCallback), (2 bytes).
    Removing py32f002b_hal_tim.o(i.TIM_CCxChannelCmd), (34 bytes).
    Removing py32f002b_hal_tim.o(i.TIM_ETR_SetConfig), (28 bytes).
    Removing py32f002b_hal_tim.o(i.TIM_ITRx_SetConfig), (24 bytes).
    Removing py32f002b_hal_tim.o(i.TIM_OC1_SetConfig), (140 bytes).
    Removing py32f002b_hal_tim.o(i.TIM_OC2_SetConfig), (156 bytes).
    Removing py32f002b_hal_tim.o(i.TIM_OC3_SetConfig), (152 bytes).
    Removing py32f002b_hal_tim.o(i.TIM_OC4_SetConfig), (108 bytes).
    Removing py32f002b_hal_tim.o(i.TIM_SlaveTimer_SetConfig), (176 bytes).
    Removing py32f002b_hal_tim.o(i.TIM_TI1_ConfigInputStage), (50 bytes).
    Removing py32f002b_hal_tim.o(i.TIM_TI1_SetConfig), (88 bytes).
    Removing py32f002b_hal_tim.o(i.TIM_TI2_ConfigInputStage), (50 bytes).
    Removing py32f002b_hal_tim.o(i.TIM_TI2_SetConfig), (72 bytes).
    Removing py32f002b_hal_tim.o(i.TIM_TI3_SetConfig), (70 bytes).
    Removing py32f002b_hal_tim.o(i.TIM_TI4_SetConfig), (78 bytes).
    Removing py32f002b_hal_tim_ex.o(.rev16_text), (4 bytes).
    Removing py32f002b_hal_tim_ex.o(.revsh_text), (4 bytes).
    Removing py32f002b_hal_tim_ex.o(i.HAL_TIMEx_CommutHalfCpltCallback), (2 bytes).
    Removing py32f002b_hal_tim_ex.o(i.HAL_TIMEx_ConfigBreakDeadTime), (134 bytes).
    Removing py32f002b_hal_tim_ex.o(i.HAL_TIMEx_ConfigCommutEvent), (118 bytes).
    Removing py32f002b_hal_tim_ex.o(i.HAL_TIMEx_ConfigCommutEvent_IT), (118 bytes).
    Removing py32f002b_hal_tim_ex.o(i.HAL_TIMEx_HallSensor_DeInit), (72 bytes).
    Removing py32f002b_hal_tim_ex.o(i.HAL_TIMEx_HallSensor_GetState), (6 bytes).
    Removing py32f002b_hal_tim_ex.o(i.HAL_TIMEx_HallSensor_Init), (202 bytes).
    Removing py32f002b_hal_tim_ex.o(i.HAL_TIMEx_HallSensor_MspDeInit), (2 bytes).
    Removing py32f002b_hal_tim_ex.o(i.HAL_TIMEx_HallSensor_MspInit), (2 bytes).
    Removing py32f002b_hal_tim_ex.o(i.HAL_TIMEx_HallSensor_Start), (42 bytes).
    Removing py32f002b_hal_tim_ex.o(i.HAL_TIMEx_HallSensor_Start_IT), (54 bytes).
    Removing py32f002b_hal_tim_ex.o(i.HAL_TIMEx_HallSensor_Stop), (64 bytes).
    Removing py32f002b_hal_tim_ex.o(i.HAL_TIMEx_HallSensor_Stop_IT), (76 bytes).
    Removing py32f002b_hal_tim_ex.o(i.HAL_TIMEx_MasterConfigSynchronization), (96 bytes).
    Removing py32f002b_hal_tim_ex.o(i.HAL_TIMEx_OCN_Start), (58 bytes).
    Removing py32f002b_hal_tim_ex.o(i.HAL_TIMEx_OCN_Start_IT), (130 bytes).
    Removing py32f002b_hal_tim_ex.o(i.HAL_TIMEx_OCN_Stop), (108 bytes).
    Removing py32f002b_hal_tim_ex.o(i.HAL_TIMEx_OCN_Stop_IT), (196 bytes).
    Removing py32f002b_hal_tim_ex.o(i.HAL_TIMEx_OnePulseN_Start), (34 bytes).
    Removing py32f002b_hal_tim_ex.o(i.HAL_TIMEx_OnePulseN_Start_IT), (58 bytes).
    Removing py32f002b_hal_tim_ex.o(i.HAL_TIMEx_OnePulseN_Stop), (108 bytes).
    Removing py32f002b_hal_tim_ex.o(i.HAL_TIMEx_OnePulseN_Stop_IT), (132 bytes).
    Removing py32f002b_hal_tim_ex.o(i.HAL_TIMEx_PWMN_Start), (58 bytes).
    Removing py32f002b_hal_tim_ex.o(i.HAL_TIMEx_PWMN_Start_IT), (130 bytes).
    Removing py32f002b_hal_tim_ex.o(i.HAL_TIMEx_PWMN_Stop), (108 bytes).
    Removing py32f002b_hal_tim_ex.o(i.HAL_TIMEx_PWMN_Stop_IT), (196 bytes).
    Removing py32f002b_hal_tim_ex.o(i.HAL_TIMEx_RemapConfig), (36 bytes).
    Removing py32f002b_hal_tim_ex.o(i.TIM_CCxNChannelCmd), (34 bytes).
    Removing py32f002b_hal_adc.o(.rev16_text), (4 bytes).
    Removing py32f002b_hal_adc.o(.revsh_text), (4 bytes).
    Removing py32f002b_hal_adc.o(i.HAL_ADC_AnalogWDGConfig), (212 bytes).
    Removing py32f002b_hal_adc.o(i.HAL_ADC_Calibration_GetStatus), (132 bytes).
    Removing py32f002b_hal_adc.o(i.HAL_ADC_Calibration_SetAndStart), (196 bytes).
    Removing py32f002b_hal_adc.o(i.HAL_ADC_ConvCpltCallback), (2 bytes).
    Removing py32f002b_hal_adc.o(i.HAL_ADC_ConvHalfCpltCallback), (2 bytes).
    Removing py32f002b_hal_adc.o(i.HAL_ADC_DeInit), (196 bytes).
    Removing py32f002b_hal_adc.o(i.HAL_ADC_ErrorCallback), (2 bytes).
    Removing py32f002b_hal_adc.o(i.HAL_ADC_GetError), (6 bytes).
    Removing py32f002b_hal_adc.o(i.HAL_ADC_GetState), (6 bytes).
    Removing py32f002b_hal_adc.o(i.HAL_ADC_IRQHandler), (266 bytes).
    Removing py32f002b_hal_adc.o(i.HAL_ADC_LevelOutOfWindowCallback), (2 bytes).
    Removing py32f002b_hal_adc.o(i.HAL_ADC_MspDeInit), (2 bytes).
    Removing py32f002b_hal_adc.o(i.HAL_ADC_MspInit), (2 bytes).
    Removing py32f002b_hal_adc.o(i.HAL_ADC_PollForEvent), (138 bytes).
    Removing py32f002b_hal_adc.o(i.HAL_ADC_Start_IT), (160 bytes).
    Removing py32f002b_hal_adc.o(i.HAL_ADC_Stop_IT), (92 bytes).
    Removing py32f002b_hal.o(.rev16_text), (4 bytes).
    Removing py32f002b_hal.o(.revsh_text), (4 bytes).
    Removing py32f002b_hal.o(i.HAL_DBGMCU_DisableDBGMCUStopMode), (20 bytes).
    Removing py32f002b_hal.o(i.HAL_DBGMCU_EnableDBGMCUStopMode), (20 bytes).
    Removing py32f002b_hal.o(i.HAL_DeInit), (52 bytes).
    Removing py32f002b_hal.o(i.HAL_GetDEVID), (16 bytes).
    Removing py32f002b_hal.o(i.HAL_GetHalVersion), (6 bytes).
    Removing py32f002b_hal.o(i.HAL_GetREVID), (12 bytes).
    Removing py32f002b_hal.o(i.HAL_GetTickFreq), (12 bytes).
    Removing py32f002b_hal.o(i.HAL_GetTickPrio), (12 bytes).
    Removing py32f002b_hal.o(i.HAL_GetUIDw0), (12 bytes).
    Removing py32f002b_hal.o(i.HAL_GetUIDw1), (12 bytes).
    Removing py32f002b_hal.o(i.HAL_GetUIDw2), (12 bytes).
    Removing py32f002b_hal.o(i.HAL_MspDeInit), (2 bytes).
    Removing py32f002b_hal.o(i.HAL_MspInit), (2 bytes).
    Removing py32f002b_hal.o(i.HAL_ResumeTick), (20 bytes).
    Removing py32f002b_hal.o(i.HAL_SYSCFG_DisableGPIONoiseFilter), (72 bytes).
    Removing py32f002b_hal.o(i.HAL_SYSCFG_DisableI2CFastModePlus), (16 bytes).
    Removing py32f002b_hal.o(i.HAL_SYSCFG_EnableGPIONoiseFilter), (72 bytes).
    Removing py32f002b_hal.o(i.HAL_SYSCFG_EnableI2CFastModePlus), (16 bytes).
    Removing py32f002b_hal.o(i.HAL_SYSCFG_GetRemapMemory), (16 bytes).
    Removing py32f002b_hal.o(i.HAL_SYSCFG_GetTIM1CH1Source), (16 bytes).
    Removing py32f002b_hal.o(i.HAL_SYSCFG_SetRemapMemory), (20 bytes).
    Removing py32f002b_hal.o(i.HAL_SYSCFG_SetTIM1CH1Source), (20 bytes).
    Removing py32f002b_hal.o(i.HAL_SYSCFG_TIM1ETRSource), (24 bytes).
    Removing py32f002b_hal.o(i.HAL_SetTickFreq), (44 bytes).
    Removing py32f002b_hal.o(i.HAL_SuspendTick), (20 bytes).
    Removing py32f002b_hal_cortex.o(.rev16_text), (4 bytes).
    Removing py32f002b_hal_cortex.o(.revsh_text), (4 bytes).
    Removing py32f002b_hal_cortex.o(i.HAL_NVIC_ClearPendingIRQ), (24 bytes).
    Removing py32f002b_hal_cortex.o(i.HAL_NVIC_DisableIRQ), (24 bytes).
    Removing py32f002b_hal_cortex.o(i.HAL_NVIC_GetPendingIRQ), (40 bytes).
    Removing py32f002b_hal_cortex.o(i.HAL_NVIC_GetPriority), (72 bytes).
    Removing py32f002b_hal_cortex.o(i.HAL_NVIC_SetPendingIRQ), (24 bytes).
    Removing py32f002b_hal_cortex.o(i.HAL_NVIC_SystemReset), (56 bytes).
    Removing py32f002b_hal_cortex.o(i.HAL_SYSTICK_CLKSourceConfig), (36 bytes).
    Removing py32f002b_hal_cortex.o(i.HAL_SYSTICK_Callback), (2 bytes).
    Removing py32f002b_hal_cortex.o(i.HAL_SYSTICK_IRQHandler), (8 bytes).
    Removing rcc.o(.rev16_text), (4 bytes).
    Removing rcc.o(.revsh_text), (4 bytes).
    Removing gpio.o(.rev16_text), (4 bytes).
    Removing gpio.o(.revsh_text), (4 bytes).
    Removing py32f002b_it.o(.rev16_text), (4 bytes).
    Removing py32f002b_it.o(.revsh_text), (4 bytes).
    Removing i2c.o(.rev16_text), (4 bytes).
    Removing i2c.o(.revsh_text), (4 bytes).
    Removing i2c.o(i.HAL_I2C_MspDeInit), (48 bytes).
    Removing tim.o(.rev16_text), (4 bytes).
    Removing tim.o(.revsh_text), (4 bytes).
    Removing tim.o(i.HAL_TIM_Base_MspDeInit), (40 bytes).
    Removing main.o(.rev16_text), (4 bytes).
    Removing main.o(.revsh_text), (4 bytes).
    Removing py32f002b_hal_msp.o(.rev16_text), (4 bytes).
    Removing py32f002b_hal_msp.o(.revsh_text), (4 bytes).
    Removing adc.o(.rev16_text), (4 bytes).
    Removing adc.o(.revsh_text), (4 bytes).
    Removing adc.o(i.HAL_ADC_MspDeInit), (48 bytes).
    Removing adc_app.o(.rev16_text), (4 bytes).
    Removing adc_app.o(.revsh_text), (4 bytes).
    Removing ws2812_app.o(.rev16_text), (4 bytes).
    Removing ws2812_app.o(.revsh_text), (4 bytes).
    Removing ws2812_app.o(i.HSV2RGB), (206 bytes).
    Removing ws2812_app.o(.constdata), (256 bytes).
    Removing tas3251_app.o(.rev16_text), (4 bytes).
    Removing tas3251_app.o(.revsh_text), (4 bytes).
    Removing tas3251_app.o(i.I2C_ReadReg), (48 bytes).
    Removing startup_py32f002b.o(HEAP), (256 bytes).
    Removing system_py32f002b.o(.rev16_text), (4 bytes).
    Removing system_py32f002b.o(.revsh_text), (4 bytes).
    Removing system_py32f002b.o(i.SystemCoreClockUpdate), (156 bytes).
    Removing py32f002b_hal_tim.o(i.__ARM_common_switch8), (28 bytes).

313 unused section(s) (total 26484 bytes) removed from the image.

==============================================================================

Image Symbol Table

    Local Symbols

    Symbol Name                              Value     Ov Type        Size  Object(Section)

    ../Core/SRC/adc.c                        0x00000000   Number         0  adc.o ABSOLUTE
    ../Core/SRC/gpio.c                       0x00000000   Number         0  gpio.o ABSOLUTE
    ../Core/SRC/i2c.c                        0x00000000   Number         0  i2c.o ABSOLUTE
    ../Core/SRC/main.c                       0x00000000   Number         0  main.o ABSOLUTE
    ../Core/SRC/py32f002b_hal_msp.c          0x00000000   Number         0  py32f002b_hal_msp.o ABSOLUTE
    ../Core/SRC/py32f002b_it.c               0x00000000   Number         0  py32f002b_it.o ABSOLUTE
    ../Core/SRC/rcc.c                        0x00000000   Number         0  rcc.o ABSOLUTE
    ../Core/SRC/system_py32f002b.c           0x00000000   Number         0  system_py32f002b.o ABSOLUTE
    ../Core/SRC/tim.c                        0x00000000   Number         0  tim.o ABSOLUTE
    ../Drivers/PY32F002B_HAL_Driver/Src/py32f002b_hal.c 0x00000000   Number         0  py32f002b_hal.o ABSOLUTE
    ../Drivers/PY32F002B_HAL_Driver/Src/py32f002b_hal_adc.c 0x00000000   Number         0  py32f002b_hal_adc.o ABSOLUTE
    ../Drivers/PY32F002B_HAL_Driver/Src/py32f002b_hal_cortex.c 0x00000000   Number         0  py32f002b_hal_cortex.o ABSOLUTE
    ../Drivers/PY32F002B_HAL_Driver/Src/py32f002b_hal_exti.c 0x00000000   Number         0  py32f002b_hal_exti.o ABSOLUTE
    ../Drivers/PY32F002B_HAL_Driver/Src/py32f002b_hal_gpio.c 0x00000000   Number         0  py32f002b_hal_gpio.o ABSOLUTE
    ../Drivers/PY32F002B_HAL_Driver/Src/py32f002b_hal_i2c.c 0x00000000   Number         0  py32f002b_hal_i2c.o ABSOLUTE
    ../Drivers/PY32F002B_HAL_Driver/Src/py32f002b_hal_pwr.c 0x00000000   Number         0  py32f002b_hal_pwr.o ABSOLUTE
    ../Drivers/PY32F002B_HAL_Driver/Src/py32f002b_hal_rcc.c 0x00000000   Number         0  py32f002b_hal_rcc.o ABSOLUTE
    ../Drivers/PY32F002B_HAL_Driver/Src/py32f002b_hal_rcc_ex.c 0x00000000   Number         0  py32f002b_hal_rcc_ex.o ABSOLUTE
    ../Drivers/PY32F002B_HAL_Driver/Src/py32f002b_hal_tim.c 0x00000000   Number         0  py32f002b_hal_tim.o ABSOLUTE
    ../Drivers/PY32F002B_HAL_Driver/Src/py32f002b_hal_tim_ex.c 0x00000000   Number         0  py32f002b_hal_tim_ex.o ABSOLUTE
    ../clib/microlib/division.c              0x00000000   Number         0  uidiv.o ABSOLUTE
    ../clib/microlib/division.c              0x00000000   Number         0  idiv.o ABSOLUTE
    ../clib/microlib/init/entry.s            0x00000000   Number         0  entry10b.o ABSOLUTE
    ../clib/microlib/init/entry.s            0x00000000   Number         0  entry7a.o ABSOLUTE
    ../clib/microlib/init/entry.s            0x00000000   Number         0  entry.o ABSOLUTE
    ../clib/microlib/init/entry.s            0x00000000   Number         0  entry7b.o ABSOLUTE
    ../clib/microlib/init/entry.s            0x00000000   Number         0  entry5.o ABSOLUTE
    ../clib/microlib/init/entry.s            0x00000000   Number         0  entry9b.o ABSOLUTE
    ../clib/microlib/init/entry.s            0x00000000   Number         0  entry2.o ABSOLUTE
    ../clib/microlib/init/entry.s            0x00000000   Number         0  entry8a.o ABSOLUTE
    ../clib/microlib/init/entry.s            0x00000000   Number         0  entry8b.o ABSOLUTE
    ../clib/microlib/init/entry.s            0x00000000   Number         0  entry10a.o ABSOLUTE
    ../clib/microlib/init/entry.s            0x00000000   Number         0  entry12b.o ABSOLUTE
    ../clib/microlib/init/entry.s            0x00000000   Number         0  entry12a.o ABSOLUTE
    ../clib/microlib/init/entry.s            0x00000000   Number         0  entry11b.o ABSOLUTE
    ../clib/microlib/init/entry.s            0x00000000   Number         0  entry9a.o ABSOLUTE
    ../clib/microlib/init/entry.s            0x00000000   Number         0  entry11a.o ABSOLUTE
    ../clib/microlib/string/memcpy.c         0x00000000   Number         0  memcpya.o ABSOLUTE
    ../clib/microlib/string/memcpy.c         0x00000000   Number         0  memcpyb.o ABSOLUTE
    ../clib/microlib/string/memset.c         0x00000000   Number         0  memseta.o ABSOLUTE
    ..\Core\SRC\adc.c                        0x00000000   Number         0  adc.o ABSOLUTE
    ..\Core\SRC\adc_app.c                    0x00000000   Number         0  adc_app.o ABSOLUTE
    ..\Core\SRC\gpio.c                       0x00000000   Number         0  gpio.o ABSOLUTE
    ..\Core\SRC\i2c.c                        0x00000000   Number         0  i2c.o ABSOLUTE
    ..\Core\SRC\main.c                       0x00000000   Number         0  main.o ABSOLUTE
    ..\Core\SRC\py32f002b_hal_msp.c          0x00000000   Number         0  py32f002b_hal_msp.o ABSOLUTE
    ..\Core\SRC\py32f002b_it.c               0x00000000   Number         0  py32f002b_it.o ABSOLUTE
    ..\Core\SRC\rcc.c                        0x00000000   Number         0  rcc.o ABSOLUTE
    ..\Core\SRC\system_py32f002b.c           0x00000000   Number         0  system_py32f002b.o ABSOLUTE
    ..\Core\SRC\tas3251_app.c                0x00000000   Number         0  tas3251_app.o ABSOLUTE
    ..\Core\SRC\tim.c                        0x00000000   Number         0  tim.o ABSOLUTE
    ..\Core\SRC\ws2812_app.c                 0x00000000   Number         0  ws2812_app.o ABSOLUTE
    ..\Drivers\PY32F002B_HAL_Driver\Src\py32f002b_hal.c 0x00000000   Number         0  py32f002b_hal.o ABSOLUTE
    ..\Drivers\PY32F002B_HAL_Driver\Src\py32f002b_hal_adc.c 0x00000000   Number         0  py32f002b_hal_adc.o ABSOLUTE
    ..\Drivers\PY32F002B_HAL_Driver\Src\py32f002b_hal_cortex.c 0x00000000   Number         0  py32f002b_hal_cortex.o ABSOLUTE
    ..\Drivers\PY32F002B_HAL_Driver\Src\py32f002b_hal_exti.c 0x00000000   Number         0  py32f002b_hal_exti.o ABSOLUTE
    ..\Drivers\PY32F002B_HAL_Driver\Src\py32f002b_hal_gpio.c 0x00000000   Number         0  py32f002b_hal_gpio.o ABSOLUTE
    ..\Drivers\PY32F002B_HAL_Driver\Src\py32f002b_hal_i2c.c 0x00000000   Number         0  py32f002b_hal_i2c.o ABSOLUTE
    ..\Drivers\PY32F002B_HAL_Driver\Src\py32f002b_hal_pwr.c 0x00000000   Number         0  py32f002b_hal_pwr.o ABSOLUTE
    ..\Drivers\PY32F002B_HAL_Driver\Src\py32f002b_hal_rcc.c 0x00000000   Number         0  py32f002b_hal_rcc.o ABSOLUTE
    ..\Drivers\PY32F002B_HAL_Driver\Src\py32f002b_hal_rcc_ex.c 0x00000000   Number         0  py32f002b_hal_rcc_ex.o ABSOLUTE
    ..\Drivers\PY32F002B_HAL_Driver\Src\py32f002b_hal_tim.c 0x00000000   Number         0  py32f002b_hal_tim.o ABSOLUTE
    ..\Drivers\PY32F002B_HAL_Driver\Src\py32f002b_hal_tim_ex.c 0x00000000   Number         0  py32f002b_hal_tim_ex.o ABSOLUTE
    ..\\Core\\SRC\\adc_app.c                 0x00000000   Number         0  adc_app.o ABSOLUTE
    ..\\Core\\SRC\\tas3251_app.c             0x00000000   Number         0  tas3251_app.o ABSOLUTE
    ..\\Core\\SRC\\ws2812_app.c              0x00000000   Number         0  ws2812_app.o ABSOLUTE
    ./startup_py32f002b.s                    0x00000000   Number         0  startup_py32f002b.o ABSOLUTE
    dc.s                                     0x00000000   Number         0  dc.o ABSOLUTE
    handlers.s                               0x00000000   Number         0  handlers.o ABSOLUTE
    init.s                                   0x00000000   Number         0  init.o ABSOLUTE
    RESET                                    0x08000000   Section      192  startup_py32f002b.o(RESET)
    .ARM.Collect$$$$00000000                 0x080000c0   Section        0  entry.o(.ARM.Collect$$$$00000000)
    .ARM.Collect$$$$00000001                 0x080000c0   Section        4  entry2.o(.ARM.Collect$$$$00000001)
    .ARM.Collect$$$$00000004                 0x080000c4   Section        4  entry5.o(.ARM.Collect$$$$00000004)
    .ARM.Collect$$$$00000008                 0x080000c8   Section        0  entry7b.o(.ARM.Collect$$$$00000008)
    .ARM.Collect$$$$0000000A                 0x080000c8   Section        0  entry8b.o(.ARM.Collect$$$$0000000A)
    .ARM.Collect$$$$0000000B                 0x080000c8   Section        8  entry9a.o(.ARM.Collect$$$$0000000B)
    .ARM.Collect$$$$0000000E                 0x080000d0   Section        4  entry12b.o(.ARM.Collect$$$$0000000E)
    .ARM.Collect$$$$0000000F                 0x080000d4   Section        0  entry10a.o(.ARM.Collect$$$$0000000F)
    .ARM.Collect$$$$00000011                 0x080000d4   Section        0  entry11a.o(.ARM.Collect$$$$00000011)
    .ARM.Collect$$$$00002712                 0x080000d4   Section        4  entry2.o(.ARM.Collect$$$$00002712)
    __lit__00000000                          0x080000d4   Data           4  entry2.o(.ARM.Collect$$$$00002712)
    .text                                    0x080000d8   Section       28  startup_py32f002b.o(.text)
    .text                                    0x080000f4   Section        0  uidiv.o(.text)
    .text                                    0x08000120   Section        0  memcpya.o(.text)
    .text                                    0x08000144   Section        0  memseta.o(.text)
    .text                                    0x08000168   Section       36  init.o(.text)
    i.ADC_ConversionStop                     0x0800018c   Section        0  py32f002b_hal_adc.o(i.ADC_ConversionStop)
    ADC_ConversionStop                       0x0800018d   Thumb Code   108  py32f002b_hal_adc.o(i.ADC_ConversionStop)
    i.ADC_Delay_Us                           0x080001f8   Section        0  adc_app.o(i.ADC_Delay_Us)
    ADC_Delay_Us                             0x080001f9   Thumb Code    34  adc_app.o(i.ADC_Delay_Us)
    i.ADC_Disable                            0x08000224   Section        0  py32f002b_hal_adc.o(i.ADC_Disable)
    ADC_Disable                              0x08000225   Thumb Code   140  py32f002b_hal_adc.o(i.ADC_Disable)
    i.ADC_Enable                             0x080002b0   Section        0  py32f002b_hal_adc.o(i.ADC_Enable)
    ADC_Enable                               0x080002b1   Thumb Code   110  py32f002b_hal_adc.o(i.ADC_Enable)
    i.AMP_Fault_Handler                      0x0800032c   Section        0  tas3251_app.o(i.AMP_Fault_Handler)
    i.DelayTime                              0x08000428   Section        0  system_py32f002b.o(i.DelayTime)
    DelayTime                                0x08000429   Thumb Code    24  system_py32f002b.o(i.DelayTime)
    i.Error_Handler                          0x08000444   Section        0  main.o(i.Error_Handler)
    i.Get_ADC_Code                           0x0800044c   Section        0  adc_app.o(i.Get_ADC_Code)
    i.Get_ADC_mV                             0x080004fc   Section        0  adc_app.o(i.Get_ADC_mV)
    i.Get_Factory_Vrefint_Value              0x0800053c   Section        0  adc_app.o(i.Get_Factory_Vrefint_Value)
    Get_Factory_Vrefint_Value                0x0800053d   Thumb Code    20  adc_app.o(i.Get_Factory_Vrefint_Value)
    i.Get_PVDD_mV                            0x08000554   Section        0  adc_app.o(i.Get_PVDD_mV)
    i.Get_VCCA_mV                            0x08000598   Section        0  adc_app.o(i.Get_VCCA_mV)
    i.HAL_ADC_Calibration_Start              0x080005d8   Section        0  py32f002b_hal_adc.o(i.HAL_ADC_Calibration_Start)
    i.HAL_ADC_ConfigChannel                  0x08000678   Section        0  py32f002b_hal_adc.o(i.HAL_ADC_ConfigChannel)
    i.HAL_ADC_ConfigVrefBuf                  0x08000800   Section        0  py32f002b_hal_adc.o(i.HAL_ADC_ConfigVrefBuf)
    i.HAL_ADC_GetValue                       0x08000850   Section        0  py32f002b_hal_adc.o(i.HAL_ADC_GetValue)
    i.HAL_ADC_Init                           0x08000858   Section        0  py32f002b_hal_adc.o(i.HAL_ADC_Init)
    i.HAL_ADC_MspInit                        0x080009f0   Section        0  adc.o(i.HAL_ADC_MspInit)
    i.HAL_ADC_PollForConversion              0x08000a68   Section        0  py32f002b_hal_adc.o(i.HAL_ADC_PollForConversion)
    i.HAL_ADC_Start                          0x08000b2c   Section        0  py32f002b_hal_adc.o(i.HAL_ADC_Start)
    i.HAL_ADC_Stop                           0x08000b9c   Section        0  py32f002b_hal_adc.o(i.HAL_ADC_Stop)
    i.HAL_Delay                              0x08000bec   Section        0  py32f002b_hal.o(i.HAL_Delay)
    i.HAL_GPIO_Init                          0x08000c18   Section        0  py32f002b_hal_gpio.o(i.HAL_GPIO_Init)
    i.HAL_GPIO_ReadPin                       0x08000dcc   Section        0  py32f002b_hal_gpio.o(i.HAL_GPIO_ReadPin)
    i.HAL_GPIO_WritePin                      0x08000dde   Section        0  py32f002b_hal_gpio.o(i.HAL_GPIO_WritePin)
    i.HAL_GetTick                            0x08000dec   Section        0  py32f002b_hal.o(i.HAL_GetTick)
    i.HAL_I2C_Init                           0x08000df8   Section        0  py32f002b_hal_i2c.o(i.HAL_I2C_Init)
    i.HAL_I2C_Mem_Write                      0x08000fac   Section        0  py32f002b_hal_i2c.o(i.HAL_I2C_Mem_Write)
    i.HAL_I2C_MspInit                        0x08001120   Section        0  i2c.o(i.HAL_I2C_MspInit)
    i.HAL_IncTick                            0x080011bc   Section        0  py32f002b_hal.o(i.HAL_IncTick)
    i.HAL_Init                               0x080011d4   Section        0  py32f002b_hal.o(i.HAL_Init)
    i.HAL_InitTick                           0x080011f0   Section        0  py32f002b_hal.o(i.HAL_InitTick)
    i.HAL_MspInit                            0x08001250   Section        0  py32f002b_hal_msp.o(i.HAL_MspInit)
    i.HAL_NVIC_EnableIRQ                     0x08001294   Section        0  py32f002b_hal_cortex.o(i.HAL_NVIC_EnableIRQ)
    i.HAL_NVIC_SetPriority                   0x080012ac   Section        0  py32f002b_hal_cortex.o(i.HAL_NVIC_SetPriority)
    i.HAL_RCC_ClockConfig                    0x080012c0   Section        0  py32f002b_hal_rcc.o(i.HAL_RCC_ClockConfig)
    i.HAL_RCC_GetHCLKFreq                    0x0800147c   Section        0  py32f002b_hal_rcc.o(i.HAL_RCC_GetHCLKFreq)
    i.HAL_RCC_GetPCLK1Freq                   0x08001488   Section        0  py32f002b_hal_rcc.o(i.HAL_RCC_GetPCLK1Freq)
    i.HAL_RCC_GetSysClockFreq                0x080014b0   Section        0  py32f002b_hal_rcc.o(i.HAL_RCC_GetSysClockFreq)
    i.HAL_RCC_OscConfig                      0x0800153c   Section        0  py32f002b_hal_rcc.o(i.HAL_RCC_OscConfig)
    i.HAL_SYSTICK_Config                     0x08001974   Section        0  py32f002b_hal_cortex.o(i.HAL_SYSTICK_Config)
    i.HAL_TIMEx_BreakCallback                0x080019ac   Section        0  py32f002b_hal_tim_ex.o(i.HAL_TIMEx_BreakCallback)
    i.HAL_TIMEx_CommutCallback               0x080019ae   Section        0  py32f002b_hal_tim_ex.o(i.HAL_TIMEx_CommutCallback)
    i.HAL_TIM_Base_Init                      0x080019b0   Section        0  py32f002b_hal_tim.o(i.HAL_TIM_Base_Init)
    i.HAL_TIM_Base_MspInit                   0x080019e0   Section        0  tim.o(i.HAL_TIM_Base_MspInit)
    i.HAL_TIM_IC_CaptureCallback             0x08001a24   Section        0  py32f002b_hal_tim.o(i.HAL_TIM_IC_CaptureCallback)
    i.HAL_TIM_IRQHandler                     0x08001a26   Section        0  py32f002b_hal_tim.o(i.HAL_TIM_IRQHandler)
    i.HAL_TIM_OC_DelayElapsedCallback        0x08001bee   Section        0  py32f002b_hal_tim.o(i.HAL_TIM_OC_DelayElapsedCallback)
    i.HAL_TIM_PWM_PulseFinishedCallback      0x08001bf0   Section        0  py32f002b_hal_tim.o(i.HAL_TIM_PWM_PulseFinishedCallback)
    i.HAL_TIM_PeriodElapsedCallback          0x08001bf2   Section        0  main.o(i.HAL_TIM_PeriodElapsedCallback)
    i.HAL_TIM_TriggerCallback                0x08001bf4   Section        0  py32f002b_hal_tim.o(i.HAL_TIM_TriggerCallback)
    i.HardFault_Handler                      0x08001bf6   Section        0  py32f002b_it.o(i.HardFault_Handler)
    i.Hex_Literal_To_Dec                     0x08001bfa   Section        0  adc_app.o(i.Hex_Literal_To_Dec)
    Hex_Literal_To_Dec                       0x08001bfb   Thumb Code    48  adc_app.o(i.Hex_Literal_To_Dec)
    i.I2C_IsAcknowledgeFailed                0x08001c2a   Section        0  py32f002b_hal_i2c.o(i.I2C_IsAcknowledgeFailed)
    I2C_IsAcknowledgeFailed                  0x08001c2b   Thumb Code    66  py32f002b_hal_i2c.o(i.I2C_IsAcknowledgeFailed)
    i.I2C_RequestMemoryWrite                 0x08001c6c   Section        0  py32f002b_hal_i2c.o(i.I2C_RequestMemoryWrite)
    I2C_RequestMemoryWrite                   0x08001c6d   Thumb Code   238  py32f002b_hal_i2c.o(i.I2C_RequestMemoryWrite)
    i.I2C_WaitOnBTFFlagUntilTimeout          0x08001d60   Section        0  py32f002b_hal_i2c.o(i.I2C_WaitOnBTFFlagUntilTimeout)
    I2C_WaitOnBTFFlagUntilTimeout            0x08001d61   Thumb Code   100  py32f002b_hal_i2c.o(i.I2C_WaitOnBTFFlagUntilTimeout)
    i.I2C_WaitOnFlagUntilTimeout             0x08001dc4   Section        0  py32f002b_hal_i2c.o(i.I2C_WaitOnFlagUntilTimeout)
    I2C_WaitOnFlagUntilTimeout               0x08001dc5   Thumb Code   130  py32f002b_hal_i2c.o(i.I2C_WaitOnFlagUntilTimeout)
    i.I2C_WaitOnMasterAddressFlagUntilTimeout 0x08001e48   Section        0  py32f002b_hal_i2c.o(i.I2C_WaitOnMasterAddressFlagUntilTimeout)
    I2C_WaitOnMasterAddressFlagUntilTimeout  0x08001e49   Thumb Code   200  py32f002b_hal_i2c.o(i.I2C_WaitOnMasterAddressFlagUntilTimeout)
    i.I2C_WaitOnTXEFlagUntilTimeout          0x08001f14   Section        0  py32f002b_hal_i2c.o(i.I2C_WaitOnTXEFlagUntilTimeout)
    I2C_WaitOnTXEFlagUntilTimeout            0x08001f15   Thumb Code   100  py32f002b_hal_i2c.o(i.I2C_WaitOnTXEFlagUntilTimeout)
    i.I2C_WriteReg                           0x08001f78   Section        0  tas3251_app.o(i.I2C_WriteReg)
    i.NMI_Handler                            0x08001fa0   Section        0  py32f002b_it.o(i.NMI_Handler)
    i.NVIC_SetPriority                       0x08001fa4   Section        0  py32f002b_hal_cortex.o(i.NVIC_SetPriority)
    NVIC_SetPriority                         0x08001fa5   Thumb Code   110  py32f002b_hal_cortex.o(i.NVIC_SetPriority)
    i.PVDD_Is_PowerDrop                      0x0800201c   Section        0  adc_app.o(i.PVDD_Is_PowerDrop)
    i.PendSV_Handler                         0x08002040   Section        0  py32f002b_it.o(i.PendSV_Handler)
    i.SVC_Handler                            0x08002044   Section        0  py32f002b_it.o(i.SVC_Handler)
    i.Studio_ADC1_Init                       0x08002048   Section        0  adc.o(i.Studio_ADC1_Init)
    i.Studio_GPIO_Init                       0x080020e4   Section        0  gpio.o(i.Studio_GPIO_Init)
    i.Studio_I2C1_Init                       0x080021b0   Section        0  i2c.o(i.Studio_I2C1_Init)
    i.Studio_RCC_Init                        0x080021e4   Section        0  rcc.o(i.Studio_RCC_Init)
    i.Studio_TIM14_Init                      0x08002240   Section        0  tim.o(i.Studio_TIM14_Init)
    i.SysTick_Handler                        0x08002278   Section        0  py32f002b_it.o(i.SysTick_Handler)
    i.SystemInit                             0x08002280   Section        0  system_py32f002b.o(i.SystemInit)
    i.TAS3251_Init                           0x080022cc   Section        0  tas3251_app.o(i.TAS3251_Init)
    i.TAS3251_Set_Input_Format               0x08002370   Section        0  tas3251_app.o(i.TAS3251_Set_Input_Format)
    i.TAS3251_Set_Vol_dB                     0x08002390   Section        0  tas3251_app.o(i.TAS3251_Set_Vol_dB)
    i.TIM14_IRQHandler                       0x080023d4   Section        0  py32f002b_it.o(i.TIM14_IRQHandler)
    i.TIM_Base_SetConfig                     0x080023e4   Section        0  py32f002b_hal_tim.o(i.TIM_Base_SetConfig)
    i.WS2812_Send_Bit                        0x08002444   Section        0  ws2812_app.o(i.WS2812_Send_Bit)
    WS2812_Send_Bit                          0x08002445   Thumb Code   136  ws2812_app.o(i.WS2812_Send_Bit)
    i.WS2812_Send_Data                       0x080024d0   Section        0  ws2812_app.o(i.WS2812_Send_Data)
    i.__scatterload_copy                     0x08002588   Section       14  handlers.o(i.__scatterload_copy)
    i.__scatterload_null                     0x08002596   Section        2  handlers.o(i.__scatterload_null)
    i.__scatterload_zeroinit                 0x08002598   Section       14  handlers.o(i.__scatterload_zeroinit)
    i.main                                   0x080025a8   Section        0  main.o(i.main)
    .constdata                               0x080025f8   Section       32  py32f002b_hal_rcc.o(.constdata)
    .constdata                               0x08002618   Section      128  system_py32f002b.o(.constdata)
    .data                                    0x20000000   Section       12  py32f002b_hal.o(.data)
    .data                                    0x2000000c   Section        6  adc_app.o(.data)
    Last_Channel                             0x20000010   Data           2  adc_app.o(.data)
    .data                                    0x20000012   Section        1  tas3251_app.o(.data)
    .data                                    0x20000014   Section        4  system_py32f002b.o(.data)
    .bss                                     0x20000018   Section       64  i2c.o(.bss)
    .bss                                     0x20000058   Section       32  tim.o(.bss)
    .bss                                     0x20000078   Section       56  adc.o(.bss)
    STACK                                    0x200000b0   Section      512  startup_py32f002b.o(STACK)

    Global Symbols

    Symbol Name                              Value     Ov Type        Size  Object(Section)

    BuildAttributes$$THM_ISAv3M$S$PE$A:L22$X:L11$S22$IEEE1$IW$USESV6$~STKCKD$USESV7$~SHL$OSPACE$EBA8$MICROLIB$REQ8$PRES8$EABIv2 0x00000000   Number         0  anon$$obj.o ABSOLUTE
    __ARM_use_no_argv                        0x00000000   Number         0  main.o ABSOLUTE
    __arm_fini_                               - Undefined Weak Reference
    __cpp_initialize__aeabi_                  - Undefined Weak Reference
    __cxa_finalize                            - Undefined Weak Reference
    __decompress                              - Undefined Weak Reference
    _clock_init                               - Undefined Weak Reference
    _microlib_exit                            - Undefined Weak Reference
    __Vectors_Size                           0x000000c0   Number         0  startup_py32f002b.o ABSOLUTE
    __Vectors                                0x08000000   Data           4  startup_py32f002b.o(RESET)
    __Vectors_End                            0x080000c0   Data           0  startup_py32f002b.o(RESET)
    __main                                   0x080000c1   Thumb Code     0  entry.o(.ARM.Collect$$$$00000000)
    _main_stk                                0x080000c1   Thumb Code     0  entry2.o(.ARM.Collect$$$$00000001)
    _main_scatterload                        0x080000c5   Thumb Code     0  entry5.o(.ARM.Collect$$$$00000004)
    __main_after_scatterload                 0x080000c9   Thumb Code     0  entry5.o(.ARM.Collect$$$$00000004)
    _main_clock                              0x080000c9   Thumb Code     0  entry7b.o(.ARM.Collect$$$$00000008)
    _main_cpp_init                           0x080000c9   Thumb Code     0  entry8b.o(.ARM.Collect$$$$0000000A)
    _main_init                               0x080000c9   Thumb Code     0  entry9a.o(.ARM.Collect$$$$0000000B)
    __rt_lib_shutdown_fini                   0x080000d1   Thumb Code     0  entry12b.o(.ARM.Collect$$$$0000000E)
    __rt_final_cpp                           0x080000d5   Thumb Code     0  entry10a.o(.ARM.Collect$$$$0000000F)
    __rt_final_exit                          0x080000d5   Thumb Code     0  entry11a.o(.ARM.Collect$$$$00000011)
    Reset_Handler                            0x080000d9   Thumb Code     8  startup_py32f002b.o(.text)
    ADC_COMP_IRQHandler                      0x080000eb   Thumb Code     0  startup_py32f002b.o(.text)
    EXTI0_1_IRQHandler                       0x080000eb   Thumb Code     0  startup_py32f002b.o(.text)
    EXTI2_3_IRQHandler                       0x080000eb   Thumb Code     0  startup_py32f002b.o(.text)
    EXTI4_15_IRQHandler                      0x080000eb   Thumb Code     0  startup_py32f002b.o(.text)
    FLASH_IRQHandler                         0x080000eb   Thumb Code     0  startup_py32f002b.o(.text)
    I2C1_IRQHandler                          0x080000eb   Thumb Code     0  startup_py32f002b.o(.text)
    LPTIM1_IRQHandler                        0x080000eb   Thumb Code     0  startup_py32f002b.o(.text)
    RCC_IRQHandler                           0x080000eb   Thumb Code     0  startup_py32f002b.o(.text)
    SPI1_IRQHandler                          0x080000eb   Thumb Code     0  startup_py32f002b.o(.text)
    TIM1_BRK_UP_TRG_COM_IRQHandler           0x080000eb   Thumb Code     0  startup_py32f002b.o(.text)
    TIM1_CC_IRQHandler                       0x080000eb   Thumb Code     0  startup_py32f002b.o(.text)
    USART1_IRQHandler                        0x080000eb   Thumb Code     0  startup_py32f002b.o(.text)
    __aeabi_uidiv                            0x080000f5   Thumb Code     0  uidiv.o(.text)
    __aeabi_uidivmod                         0x080000f5   Thumb Code    44  uidiv.o(.text)
    __aeabi_memcpy                           0x08000121   Thumb Code    36  memcpya.o(.text)
    __aeabi_memcpy4                          0x08000121   Thumb Code     0  memcpya.o(.text)
    __aeabi_memcpy8                          0x08000121   Thumb Code     0  memcpya.o(.text)
    __aeabi_memset                           0x08000145   Thumb Code    14  memseta.o(.text)
    __aeabi_memset4                          0x08000145   Thumb Code     0  memseta.o(.text)
    __aeabi_memset8                          0x08000145   Thumb Code     0  memseta.o(.text)
    __aeabi_memclr                           0x08000153   Thumb Code     4  memseta.o(.text)
    __aeabi_memclr4                          0x08000153   Thumb Code     0  memseta.o(.text)
    __aeabi_memclr8                          0x08000153   Thumb Code     0  memseta.o(.text)
    _memset$wrapper                          0x08000157   Thumb Code    18  memseta.o(.text)
    __scatterload                            0x08000169   Thumb Code    28  init.o(.text)
    __scatterload_rt2                        0x08000169   Thumb Code     0  init.o(.text)
    AMP_Fault_Handler                        0x0800032d   Thumb Code   238  tas3251_app.o(i.AMP_Fault_Handler)
    Error_Handler                            0x08000445   Thumb Code     6  main.o(i.Error_Handler)
    Get_ADC_Code                             0x0800044d   Thumb Code   158  adc_app.o(i.Get_ADC_Code)
    Get_ADC_mV                               0x080004fd   Thumb Code    58  adc_app.o(i.Get_ADC_mV)
    Get_PVDD_mV                              0x08000555   Thumb Code    52  adc_app.o(i.Get_PVDD_mV)
    Get_VCCA_mV                              0x08000599   Thumb Code    64  adc_app.o(i.Get_VCCA_mV)
    HAL_ADC_Calibration_Start                0x080005d9   Thumb Code   158  py32f002b_hal_adc.o(i.HAL_ADC_Calibration_Start)
    HAL_ADC_ConfigChannel                    0x08000679   Thumb Code   374  py32f002b_hal_adc.o(i.HAL_ADC_ConfigChannel)
    HAL_ADC_ConfigVrefBuf                    0x08000801   Thumb Code    74  py32f002b_hal_adc.o(i.HAL_ADC_ConfigVrefBuf)
    HAL_ADC_GetValue                         0x08000851   Thumb Code     8  py32f002b_hal_adc.o(i.HAL_ADC_GetValue)
    HAL_ADC_Init                             0x08000859   Thumb Code   400  py32f002b_hal_adc.o(i.HAL_ADC_Init)
    HAL_ADC_MspInit                          0x080009f1   Thumb Code   112  adc.o(i.HAL_ADC_MspInit)
    HAL_ADC_PollForConversion                0x08000a69   Thumb Code   194  py32f002b_hal_adc.o(i.HAL_ADC_PollForConversion)
    HAL_ADC_Start                            0x08000b2d   Thumb Code   108  py32f002b_hal_adc.o(i.HAL_ADC_Start)
    HAL_ADC_Stop                             0x08000b9d   Thumb Code    80  py32f002b_hal_adc.o(i.HAL_ADC_Stop)
    HAL_Delay                                0x08000bed   Thumb Code    38  py32f002b_hal.o(i.HAL_Delay)
    HAL_GPIO_Init                            0x08000c19   Thumb Code   428  py32f002b_hal_gpio.o(i.HAL_GPIO_Init)
    HAL_GPIO_ReadPin                         0x08000dcd   Thumb Code    18  py32f002b_hal_gpio.o(i.HAL_GPIO_ReadPin)
    HAL_GPIO_WritePin                        0x08000ddf   Thumb Code    12  py32f002b_hal_gpio.o(i.HAL_GPIO_WritePin)
    HAL_GetTick                              0x08000ded   Thumb Code     6  py32f002b_hal.o(i.HAL_GetTick)
    HAL_I2C_Init                             0x08000df9   Thumb Code   414  py32f002b_hal_i2c.o(i.HAL_I2C_Init)
    HAL_I2C_Mem_Write                        0x08000fad   Thumb Code   362  py32f002b_hal_i2c.o(i.HAL_I2C_Mem_Write)
    HAL_I2C_MspInit                          0x08001121   Thumb Code   142  i2c.o(i.HAL_I2C_MspInit)
    HAL_IncTick                              0x080011bd   Thumb Code    16  py32f002b_hal.o(i.HAL_IncTick)
    HAL_Init                                 0x080011d5   Thumb Code    26  py32f002b_hal.o(i.HAL_Init)
    HAL_InitTick                             0x080011f1   Thumb Code    82  py32f002b_hal.o(i.HAL_InitTick)
    HAL_MspInit                              0x08001251   Thumb Code    64  py32f002b_hal_msp.o(i.HAL_MspInit)
    HAL_NVIC_EnableIRQ                       0x08001295   Thumb Code    18  py32f002b_hal_cortex.o(i.HAL_NVIC_EnableIRQ)
    HAL_NVIC_SetPriority                     0x080012ad   Thumb Code    18  py32f002b_hal_cortex.o(i.HAL_NVIC_SetPriority)
    HAL_RCC_ClockConfig                      0x080012c1   Thumb Code   418  py32f002b_hal_rcc.o(i.HAL_RCC_ClockConfig)
    HAL_RCC_GetHCLKFreq                      0x0800147d   Thumb Code     6  py32f002b_hal_rcc.o(i.HAL_RCC_GetHCLKFreq)
    HAL_RCC_GetPCLK1Freq                     0x08001489   Thumb Code    32  py32f002b_hal_rcc.o(i.HAL_RCC_GetPCLK1Freq)
    HAL_RCC_GetSysClockFreq                  0x080014b1   Thumb Code   126  py32f002b_hal_rcc.o(i.HAL_RCC_GetSysClockFreq)
    HAL_RCC_OscConfig                        0x0800153d   Thumb Code  1076  py32f002b_hal_rcc.o(i.HAL_RCC_OscConfig)
    HAL_SYSTICK_Config                       0x08001975   Thumb Code    46  py32f002b_hal_cortex.o(i.HAL_SYSTICK_Config)
    HAL_TIMEx_BreakCallback                  0x080019ad   Thumb Code     2  py32f002b_hal_tim_ex.o(i.HAL_TIMEx_BreakCallback)
    HAL_TIMEx_CommutCallback                 0x080019af   Thumb Code     2  py32f002b_hal_tim_ex.o(i.HAL_TIMEx_CommutCallback)
    HAL_TIM_Base_Init                        0x080019b1   Thumb Code    46  py32f002b_hal_tim.o(i.HAL_TIM_Base_Init)
    HAL_TIM_Base_MspInit                     0x080019e1   Thumb Code    60  tim.o(i.HAL_TIM_Base_MspInit)
    HAL_TIM_IC_CaptureCallback               0x08001a25   Thumb Code     2  py32f002b_hal_tim.o(i.HAL_TIM_IC_CaptureCallback)
    HAL_TIM_IRQHandler                       0x08001a27   Thumb Code   456  py32f002b_hal_tim.o(i.HAL_TIM_IRQHandler)
    HAL_TIM_OC_DelayElapsedCallback          0x08001bef   Thumb Code     2  py32f002b_hal_tim.o(i.HAL_TIM_OC_DelayElapsedCallback)
    HAL_TIM_PWM_PulseFinishedCallback        0x08001bf1   Thumb Code     2  py32f002b_hal_tim.o(i.HAL_TIM_PWM_PulseFinishedCallback)
    HAL_TIM_PeriodElapsedCallback            0x08001bf3   Thumb Code     2  main.o(i.HAL_TIM_PeriodElapsedCallback)
    HAL_TIM_TriggerCallback                  0x08001bf5   Thumb Code     2  py32f002b_hal_tim.o(i.HAL_TIM_TriggerCallback)
    HardFault_Handler                        0x08001bf7   Thumb Code     4  py32f002b_it.o(i.HardFault_Handler)
    I2C_WriteReg                             0x08001f79   Thumb Code    36  tas3251_app.o(i.I2C_WriteReg)
    NMI_Handler                              0x08001fa1   Thumb Code     4  py32f002b_it.o(i.NMI_Handler)
    PVDD_Is_PowerDrop                        0x0800201d   Thumb Code    26  adc_app.o(i.PVDD_Is_PowerDrop)
    PendSV_Handler                           0x08002041   Thumb Code     4  py32f002b_it.o(i.PendSV_Handler)
    SVC_Handler                              0x08002045   Thumb Code     4  py32f002b_it.o(i.SVC_Handler)
    Studio_ADC1_Init                         0x08002049   Thumb Code   146  adc.o(i.Studio_ADC1_Init)
    Studio_GPIO_Init                         0x080020e5   Thumb Code   196  gpio.o(i.Studio_GPIO_Init)
    Studio_I2C1_Init                         0x080021b1   Thumb Code    38  i2c.o(i.Studio_I2C1_Init)
    Studio_RCC_Init                          0x080021e5   Thumb Code    88  rcc.o(i.Studio_RCC_Init)
    Studio_TIM14_Init                        0x08002241   Thumb Code    44  tim.o(i.Studio_TIM14_Init)
    SysTick_Handler                          0x08002279   Thumb Code     8  py32f002b_it.o(i.SysTick_Handler)
    SystemInit                               0x08002281   Thumb Code    60  system_py32f002b.o(i.SystemInit)
    TAS3251_Init                             0x080022cd   Thumb Code   158  tas3251_app.o(i.TAS3251_Init)
    TAS3251_Set_Input_Format                 0x08002371   Thumb Code    32  tas3251_app.o(i.TAS3251_Set_Input_Format)
    TAS3251_Set_Vol_dB                       0x08002391   Thumb Code    68  tas3251_app.o(i.TAS3251_Set_Vol_dB)
    TIM14_IRQHandler                         0x080023d5   Thumb Code    10  py32f002b_it.o(i.TIM14_IRQHandler)
    TIM_Base_SetConfig                       0x080023e5   Thumb Code    86  py32f002b_hal_tim.o(i.TIM_Base_SetConfig)
    WS2812_Send_Data                         0x080024d1   Thumb Code   178  ws2812_app.o(i.WS2812_Send_Data)
    __scatterload_copy                       0x08002589   Thumb Code    14  handlers.o(i.__scatterload_copy)
    __scatterload_null                       0x08002597   Thumb Code     2  handlers.o(i.__scatterload_null)
    __scatterload_zeroinit                   0x08002599   Thumb Code    14  handlers.o(i.__scatterload_zeroinit)
    main                                     0x080025a9   Thumb Code    74  main.o(i.main)
    AHBPrescTable                            0x08002618   Data          64  system_py32f002b.o(.constdata)
    APBPrescTable                            0x08002658   Data          32  system_py32f002b.o(.constdata)
    HSIFreqTable                             0x08002678   Data          32  system_py32f002b.o(.constdata)
    Region$$Table$$Base                      0x08002698   Number         0  anon$$obj.o(Region$$Table)
    Region$$Table$$Limit                     0x080026b8   Number         0  anon$$obj.o(Region$$Table)
    uwTick                                   0x20000000   Data           4  py32f002b_hal.o(.data)
    uwTickPrio                               0x20000004   Data           4  py32f002b_hal.o(.data)
    uwTickFreq                               0x20000008   Data           4  py32f002b_hal.o(.data)
    pvdd_mv                                  0x2000000c   Data           4  adc_app.o(.data)
    TAS3251_Status                           0x20000012   Data           1  tas3251_app.o(.data)
    SystemCoreClock                          0x20000014   Data           4  system_py32f002b.o(.data)
    hi2c1                                    0x20000018   Data          64  i2c.o(.bss)
    htim14                                   0x20000058   Data          32  tim.o(.bss)
    hadc1                                    0x20000078   Data          56  adc.o(.bss)
    __initial_sp                             0x200002b0   Data           0  startup_py32f002b.o(STACK)



==============================================================================

Memory Map of the image

  Image Entry point : 0x080000c1

  Load Region LR_IROM1 (Base: 0x08000000, Size: 0x000026d0, Max: 0x00006000, ABSOLUTE)

    Execution Region ER_IROM1 (Exec base: 0x08000000, Load base: 0x08000000, Size: 0x000026b8, Max: 0x00006000, ABSOLUTE)

    Exec Addr    Load Addr    Size         Type   Attr      Idx    E Section Name        Object

    0x08000000   0x08000000   0x000000c0   Data   RO         2546    RESET               startup_py32f002b.o
    0x080000c0   0x080000c0   0x00000000   Code   RO         2593  * .ARM.Collect$$$$00000000  mc_p.l(entry.o)
    0x080000c0   0x080000c0   0x00000004   Code   RO         2606    .ARM.Collect$$$$00000001  mc_p.l(entry2.o)
    0x080000c4   0x080000c4   0x00000004   Code   RO         2609    .ARM.Collect$$$$00000004  mc_p.l(entry5.o)
    0x080000c8   0x080000c8   0x00000000   Code   RO         2611    .ARM.Collect$$$$00000008  mc_p.l(entry7b.o)
    0x080000c8   0x080000c8   0x00000000   Code   RO         2613    .ARM.Collect$$$$0000000A  mc_p.l(entry8b.o)
    0x080000c8   0x080000c8   0x00000008   Code   RO         2614    .ARM.Collect$$$$0000000B  mc_p.l(entry9a.o)
    0x080000d0   0x080000d0   0x00000004   Code   RO         2621    .ARM.Collect$$$$0000000E  mc_p.l(entry12b.o)
    0x080000d4   0x080000d4   0x00000000   Code   RO         2616    .ARM.Collect$$$$0000000F  mc_p.l(entry10a.o)
    0x080000d4   0x080000d4   0x00000000   Code   RO         2618    .ARM.Collect$$$$00000011  mc_p.l(entry11a.o)
    0x080000d4   0x080000d4   0x00000004   Code   RO         2607    .ARM.Collect$$$$00002712  mc_p.l(entry2.o)
    0x080000d8   0x080000d8   0x0000001c   Code   RO         2547    .text               startup_py32f002b.o
    0x080000f4   0x080000f4   0x0000002c   Code   RO         2596    .text               mc_p.l(uidiv.o)
    0x08000120   0x08000120   0x00000024   Code   RO         2600    .text               mc_p.l(memcpya.o)
    0x08000144   0x08000144   0x00000024   Code   RO         2602    .text               mc_p.l(memseta.o)
    0x08000168   0x08000168   0x00000024   Code   RO         2622    .text               mc_p.l(init.o)
    0x0800018c   0x0800018c   0x0000006c   Code   RO         1585    i.ADC_ConversionStop  py32f002b_hal_adc.o
    0x080001f8   0x080001f8   0x0000002c   Code   RO         2383    i.ADC_Delay_Us      adc_app.o
    0x08000224   0x08000224   0x0000008c   Code   RO         1586    i.ADC_Disable       py32f002b_hal_adc.o
    0x080002b0   0x080002b0   0x0000007c   Code   RO         1587    i.ADC_Enable        py32f002b_hal_adc.o
    0x0800032c   0x0800032c   0x000000fc   Code   RO         2489    i.AMP_Fault_Handler  tas3251_app.o
    0x08000428   0x08000428   0x0000001c   Code   RO         2553    i.DelayTime         system_py32f002b.o
    0x08000444   0x08000444   0x00000006   Code   RO         2278    i.Error_Handler     main.o
    0x0800044a   0x0800044a   0x00000002   PAD
    0x0800044c   0x0800044c   0x000000b0   Code   RO         2384    i.Get_ADC_Code      adc_app.o
    0x080004fc   0x080004fc   0x00000040   Code   RO         2385    i.Get_ADC_mV        adc_app.o
    0x0800053c   0x0800053c   0x00000018   Code   RO         2386    i.Get_Factory_Vrefint_Value  adc_app.o
    0x08000554   0x08000554   0x00000044   Code   RO         2387    i.Get_PVDD_mV       adc_app.o
    0x08000598   0x08000598   0x00000040   Code   RO         2388    i.Get_VCCA_mV       adc_app.o
    0x080005d8   0x080005d8   0x0000009e   Code   RO         1591    i.HAL_ADC_Calibration_Start  py32f002b_hal_adc.o
    0x08000676   0x08000676   0x00000002   PAD
    0x08000678   0x08000678   0x00000188   Code   RO         1592    i.HAL_ADC_ConfigChannel  py32f002b_hal_adc.o
    0x08000800   0x08000800   0x00000050   Code   RO         1593    i.HAL_ADC_ConfigVrefBuf  py32f002b_hal_adc.o
    0x08000850   0x08000850   0x00000008   Code   RO         1600    i.HAL_ADC_GetValue  py32f002b_hal_adc.o
    0x08000858   0x08000858   0x00000198   Code   RO         1602    i.HAL_ADC_Init      py32f002b_hal_adc.o
    0x080009f0   0x080009f0   0x00000078   Code   RO         2342    i.HAL_ADC_MspInit   adc.o
    0x08000a68   0x08000a68   0x000000c2   Code   RO         1606    i.HAL_ADC_PollForConversion  py32f002b_hal_adc.o
    0x08000b2a   0x08000b2a   0x00000002   PAD
    0x08000b2c   0x08000b2c   0x00000070   Code   RO         1608    i.HAL_ADC_Start     py32f002b_hal_adc.o
    0x08000b9c   0x08000b9c   0x00000050   Code   RO         1610    i.HAL_ADC_Stop      py32f002b_hal_adc.o
    0x08000bec   0x08000bec   0x0000002c   Code   RO         1765    i.HAL_Delay         py32f002b_hal.o
    0x08000c18   0x08000c18   0x000001b4   Code   RO          232    i.HAL_GPIO_Init     py32f002b_hal_gpio.o
    0x08000dcc   0x08000dcc   0x00000012   Code   RO          234    i.HAL_GPIO_ReadPin  py32f002b_hal_gpio.o
    0x08000dde   0x08000dde   0x0000000c   Code   RO          236    i.HAL_GPIO_WritePin  py32f002b_hal_gpio.o
    0x08000dea   0x08000dea   0x00000002   PAD
    0x08000dec   0x08000dec   0x0000000c   Code   RO         1769    i.HAL_GetTick       py32f002b_hal.o
    0x08000df8   0x08000df8   0x000001b4   Code   RO          451    i.HAL_I2C_Init      py32f002b_hal_i2c.o
    0x08000fac   0x08000fac   0x00000174   Code   RO          467    i.HAL_I2C_Mem_Write  py32f002b_hal_i2c.o
    0x08001120   0x08001120   0x0000009c   Code   RO         2195    i.HAL_I2C_MspInit   i2c.o
    0x080011bc   0x080011bc   0x00000018   Code   RO         1775    i.HAL_IncTick       py32f002b_hal.o
    0x080011d4   0x080011d4   0x0000001a   Code   RO         1776    i.HAL_Init          py32f002b_hal.o
    0x080011ee   0x080011ee   0x00000002   PAD
    0x080011f0   0x080011f0   0x00000060   Code   RO         1777    i.HAL_InitTick      py32f002b_hal.o
    0x08001250   0x08001250   0x00000044   Code   RO         2317    i.HAL_MspInit       py32f002b_hal_msp.o
    0x08001294   0x08001294   0x00000018   Code   RO         1968    i.HAL_NVIC_EnableIRQ  py32f002b_hal_cortex.o
    0x080012ac   0x080012ac   0x00000012   Code   RO         1972    i.HAL_NVIC_SetPriority  py32f002b_hal_cortex.o
    0x080012be   0x080012be   0x00000002   PAD
    0x080012c0   0x080012c0   0x000001bc   Code   RO            4    i.HAL_RCC_ClockConfig  py32f002b_hal_rcc.o
    0x0800147c   0x0800147c   0x0000000c   Code   RO            9    i.HAL_RCC_GetHCLKFreq  py32f002b_hal_rcc.o
    0x08001488   0x08001488   0x00000028   Code   RO           11    i.HAL_RCC_GetPCLK1Freq  py32f002b_hal_rcc.o
    0x080014b0   0x080014b0   0x0000008c   Code   RO           12    i.HAL_RCC_GetSysClockFreq  py32f002b_hal_rcc.o
    0x0800153c   0x0800153c   0x00000438   Code   RO           16    i.HAL_RCC_OscConfig  py32f002b_hal_rcc.o
    0x08001974   0x08001974   0x00000038   Code   RO         1976    i.HAL_SYSTICK_Config  py32f002b_hal_cortex.o
    0x080019ac   0x080019ac   0x00000002   Code   RO         1388    i.HAL_TIMEx_BreakCallback  py32f002b_hal_tim_ex.o
    0x080019ae   0x080019ae   0x00000002   Code   RO         1389    i.HAL_TIMEx_CommutCallback  py32f002b_hal_tim_ex.o
    0x080019b0   0x080019b0   0x0000002e   Code   RO          834    i.HAL_TIM_Base_Init  py32f002b_hal_tim.o
    0x080019de   0x080019de   0x00000002   PAD
    0x080019e0   0x080019e0   0x00000044   Code   RO         2237    i.HAL_TIM_Base_MspInit  tim.o
    0x08001a24   0x08001a24   0x00000002   Code   RO          855    i.HAL_TIM_IC_CaptureCallback  py32f002b_hal_tim.o
    0x08001a26   0x08001a26   0x000001c8   Code   RO          867    i.HAL_TIM_IRQHandler  py32f002b_hal_tim.o
    0x08001bee   0x08001bee   0x00000002   Code   RO          870    i.HAL_TIM_OC_DelayElapsedCallback  py32f002b_hal_tim.o
    0x08001bf0   0x08001bf0   0x00000002   Code   RO          895    i.HAL_TIM_PWM_PulseFinishedCallback  py32f002b_hal_tim.o
    0x08001bf2   0x08001bf2   0x00000002   Code   RO         2279    i.HAL_TIM_PeriodElapsedCallback  main.o
    0x08001bf4   0x08001bf4   0x00000002   Code   RO          906    i.HAL_TIM_TriggerCallback  py32f002b_hal_tim.o
    0x08001bf6   0x08001bf6   0x00000004   Code   RO         2137    i.HardFault_Handler  py32f002b_it.o
    0x08001bfa   0x08001bfa   0x00000030   Code   RO         2389    i.Hex_Literal_To_Dec  adc_app.o
    0x08001c2a   0x08001c2a   0x00000042   Code   RO          481    i.I2C_IsAcknowledgeFailed  py32f002b_hal_i2c.o
    0x08001c6c   0x08001c6c   0x000000f4   Code   RO          492    i.I2C_RequestMemoryWrite  py32f002b_hal_i2c.o
    0x08001d60   0x08001d60   0x00000064   Code   RO          500    i.I2C_WaitOnBTFFlagUntilTimeout  py32f002b_hal_i2c.o
    0x08001dc4   0x08001dc4   0x00000082   Code   RO          501    i.I2C_WaitOnFlagUntilTimeout  py32f002b_hal_i2c.o
    0x08001e46   0x08001e46   0x00000002   PAD
    0x08001e48   0x08001e48   0x000000cc   Code   RO          502    i.I2C_WaitOnMasterAddressFlagUntilTimeout  py32f002b_hal_i2c.o
    0x08001f14   0x08001f14   0x00000064   Code   RO          505    i.I2C_WaitOnTXEFlagUntilTimeout  py32f002b_hal_i2c.o
    0x08001f78   0x08001f78   0x00000028   Code   RO         2491    i.I2C_WriteReg      tas3251_app.o
    0x08001fa0   0x08001fa0   0x00000004   Code   RO         2138    i.NMI_Handler       py32f002b_it.o
    0x08001fa4   0x08001fa4   0x00000078   Code   RO         1978    i.NVIC_SetPriority  py32f002b_hal_cortex.o
    0x0800201c   0x0800201c   0x00000024   Code   RO         2390    i.PVDD_Is_PowerDrop  adc_app.o
    0x08002040   0x08002040   0x00000004   Code   RO         2139    i.PendSV_Handler    py32f002b_it.o
    0x08002044   0x08002044   0x00000004   Code   RO         2140    i.SVC_Handler       py32f002b_it.o
    0x08002048   0x08002048   0x0000009c   Code   RO         2343    i.Studio_ADC1_Init  adc.o
    0x080020e4   0x080020e4   0x000000cc   Code   RO         2113    i.Studio_GPIO_Init  gpio.o
    0x080021b0   0x080021b0   0x00000034   Code   RO         2196    i.Studio_I2C1_Init  i2c.o
    0x080021e4   0x080021e4   0x0000005c   Code   RO         2064    i.Studio_RCC_Init   rcc.o
    0x08002240   0x08002240   0x00000038   Code   RO         2238    i.Studio_TIM14_Init  tim.o
    0x08002278   0x08002278   0x00000008   Code   RO         2141    i.SysTick_Handler   py32f002b_it.o
    0x08002280   0x08002280   0x0000004c   Code   RO         2555    i.SystemInit        system_py32f002b.o
    0x080022cc   0x080022cc   0x000000a4   Code   RO         2492    i.TAS3251_Init      tas3251_app.o
    0x08002370   0x08002370   0x00000020   Code   RO         2493    i.TAS3251_Set_Input_Format  tas3251_app.o
    0x08002390   0x08002390   0x00000044   Code   RO         2494    i.TAS3251_Set_Vol_dB  tas3251_app.o
    0x080023d4   0x080023d4   0x00000010   Code   RO         2142    i.TIM14_IRQHandler  py32f002b_it.o
    0x080023e4   0x080023e4   0x00000060   Code   RO          908    i.TIM_Base_SetConfig  py32f002b_hal_tim.o
    0x08002444   0x08002444   0x0000008c   Code   RO         2453    i.WS2812_Send_Bit   ws2812_app.o
    0x080024d0   0x080024d0   0x000000b8   Code   RO         2454    i.WS2812_Send_Data  ws2812_app.o
    0x08002588   0x08002588   0x0000000e   Code   RO         2626    i.__scatterload_copy  mc_p.l(handlers.o)
    0x08002596   0x08002596   0x00000002   Code   RO         2627    i.__scatterload_null  mc_p.l(handlers.o)
    0x08002598   0x08002598   0x0000000e   Code   RO         2628    i.__scatterload_zeroinit  mc_p.l(handlers.o)
    0x080025a6   0x080025a6   0x00000002   PAD
    0x080025a8   0x080025a8   0x00000050   Code   RO         2280    i.main              main.o
    0x080025f8   0x080025f8   0x00000020   Data   RO           17    .constdata          py32f002b_hal_rcc.o
    0x08002618   0x08002618   0x00000080   Data   RO         2556    .constdata          system_py32f002b.o
    0x08002698   0x08002698   0x00000020   Data   RO         2624    Region$$Table       anon$$obj.o


    Execution Region RW_IRAM1 (Exec base: 0x20000000, Load base: 0x080026b8, Size: 0x000002b0, Max: 0x00000c00, ABSOLUTE)

    Exec Addr    Load Addr    Size         Type   Attr      Idx    E Section Name        Object

    0x20000000   0x080026b8   0x0000000c   Data   RW         1792    .data               py32f002b_hal.o
    0x2000000c   0x080026c4   0x00000006   Data   RW         2391    .data               adc_app.o
    0x20000012   0x080026ca   0x00000001   Data   RW         2495    .data               tas3251_app.o
    0x20000013   0x080026cb   0x00000001   PAD
    0x20000014   0x080026cc   0x00000004   Data   RW         2557    .data               system_py32f002b.o
    0x20000018        -       0x00000040   Zero   RW         2197    .bss                i2c.o
    0x20000058        -       0x00000020   Zero   RW         2239    .bss                tim.o
    0x20000078        -       0x00000038   Zero   RW         2344    .bss                adc.o
    0x200000b0        -       0x00000200   Zero   RW         2544    STACK               startup_py32f002b.o


==============================================================================

Image component sizes


      Code (inc. data)   RO Data    RW Data    ZI Data      Debug   Object Name

       276         18          0          0         56       1841   adc.o
       524         64          0          6          0       5954   adc_app.o
       204          8          0          0          0       1059   gpio.o
       208         28          0          0         64       1753   i2c.o
        88          6          0          0          0       1871   main.o
       202         34          0         12          0       3961   py32f002b_hal.o
      1804         50          0          0          0       9061   py32f002b_hal_adc.o
       218         26          0          0          0       9209   py32f002b_hal_cortex.o
       466          8          0          0          0       2971   py32f002b_hal_gpio.o
      1652         42          0          0          0       8435   py32f002b_hal_i2c.o
        68          4          0          0          0        958   py32f002b_hal_msp.o
      1716         94         32          0          0     205405   py32f002b_hal_rcc.o
       606         10          0          0          0       4943   py32f002b_hal_tim.o
         4          0          0          0          0       1633   py32f002b_hal_tim_ex.o
        40          6          0          0          0       2638   py32f002b_it.o
        92          4          0          0          0        582   rcc.o
        28          8        192          0        512        608   startup_py32f002b.o
       104         20        128          4          0       1860   system_py32f002b.o
       556         24          0          1          0       3123   tas3251_app.o
       124         20          0          0         32       1660   tim.o
       324         10          0          0          0       1439   ws2812_app.o

    ----------------------------------------------------------------------
      9320        484        384         24        664     270964   Object Totals
         0          0         32          0          0          0   (incl. Generated)
        16          0          0          1          0          0   (incl. Padding)

    ----------------------------------------------------------------------

      Code (inc. data)   RO Data    RW Data    ZI Data      Debug   Library Member Name

         0          0          0          0          0          0   entry.o
         0          0          0          0          0          0   entry10a.o
         0          0          0          0          0          0   entry11a.o
         4          0          0          0          0          0   entry12b.o
         8          4          0          0          0          0   entry2.o
         4          0          0          0          0          0   entry5.o
         0          0          0          0          0          0   entry7b.o
         0          0          0          0          0          0   entry8b.o
         8          4          0          0          0          0   entry9a.o
        30          0          0          0          0          0   handlers.o
        36          8          0          0          0         68   init.o
        36          0          0          0          0         60   memcpya.o
        36          0          0          0          0        100   memseta.o
        44          0          0          0          0         72   uidiv.o

    ----------------------------------------------------------------------
       208         16          0          0          0        300   Library Totals
         2          0          0          0          0          0   (incl. Padding)

    ----------------------------------------------------------------------

      Code (inc. data)   RO Data    RW Data    ZI Data      Debug   Library Name

       206         16          0          0          0        300   mc_p.l

    ----------------------------------------------------------------------
       208         16          0          0          0        300   Library Totals

    ----------------------------------------------------------------------

==============================================================================


      Code (inc. data)   RO Data    RW Data    ZI Data      Debug   

      9528        500        384         24        664     268072   Grand Totals
      9528        500        384         24        664     268072   ELF Image Totals
      9528        500        384         24          0          0   ROM Totals

==============================================================================

    Total RO  Size (Code + RO Data)                 9912 (   9.68kB)
    Total RW  Size (RW Data + ZI Data)               688 (   0.67kB)
    Total ROM Size (Code + RO Data + RW Data)       9936 (   9.70kB)

==============================================================================

