<html>
<body>
<pre>
<h1>µVision Build Log</h1>
<h2>Tool Versions:</h2>
IDE-Version: ¦ÌVision V5.43.1.0
Copyright (C) 2025 ARM Ltd and ARM Germany GmbH. All rights reserved.
License Information: Lev Trosky, NULL, LIC=03C6R-KAU6F-EVK1R-KLR30-HSE40-JXYN1
 
Tool Versions:
Toolchain:       MDK-ARM Plus  Version: 5.43.0.0
Toolchain Path:  C:\Users\lishuo\AppData\Local\Keil_v5\ARM\ARM_Compiler_5.06u7\Bin
C Compiler:      Armcc.exe V5.06 update 7 (build 960)
Assembler:       Armasm.exe V5.06 update 7 (build 960)
Linker/Locator:  ArmLink.exe V5.06 update 7 (build 960)
Library Manager: ArmAr.exe V5.06 update 7 (build 960)
Hex Converter:   FromElf.exe V5.06 update 7 (build 960)
CPU DLL:         SARMCM3.DLL V5.43.0.0
Dialog DLL:      DARMCM1.DLL V1.19.6.0
Target DLL:      CMSIS_AGDI.dll V1.33.24.0
Dialog DLL:      TARMCM1.DLL V1.14.6.0
 
<h2>Project:</h2>
C:\Users\lishuo\Desktop\Keil_Proj\ARM\Mcustudio\TAS3251_EVM\MDK-ARM\TAS3251_EVM.uvprojx
Project File Date:  09/17/2026

<h2>Output:</h2>
*** Using Compiler 'V5.06 update 7 (build 960)', folder: 'C:\Users\lishuo\AppData\Local\Keil_v5\ARM\ARM_Compiler_5.06u7\Bin'
Build target 'TAS3251_EVM'
compiling tas3251_app.c...
linking...
Program Size: Code=9528 RO-data=384 RW-data=24 ZI-data=664  
".\Objects\TAS3251_EVM.axf" - 0 Error(s), 0 Warning(s).

<h2>Software Packages used:</h2>

Package Vendor: Puya
                https://www.puyasemi.com/uploadfiles/Puya.PY32F0xx_DFP.1.2.8.pack
                Puya::PY32F0xx_DFP@1.2.8
                Puya PY32F0 Series Device Support

<h2>Collection of Component include folders:</h2>
  C:/Users/lishuo/AppData/Local/Arm/Packs/Puya/PY32F0xx_DFP/1.2.8/Drivers/CMSIS/Device/PY32F0xx/Include

<h2>Collection of Component Files used:</h2>
Build Time Elapsed:  00:00:01
</pre>
</body>
</html>
